[19:02:43] [modloading-worker-0/INFO] ========================================
[19:02:43] [modloading-worker-0/INFO] Minecraft: 1.20.1
[19:02:43] [modloading-worker-0/INFO] Side: server
[19:02:43] [modloading-worker-0/INFO] Development: false
[19:02:43] [modloading-worker-0/INFO] Version: 12.1.785
[19:02:43] [modloading-worker-0/INFO] Loader:
[19:02:43] [modloading-worker-0/INFO] - Forge: 47.3.7
[19:02:43] [modloading-worker-0/INFO] Dependencies:
[19:02:43] [modloading-worker-0/INFO] - Cloth Config: 11.1.136
[19:02:43] [modloading-worker-0/INFO] - Architectury: 9.2.14
[19:02:43] [modloading-worker-0/INFO] Mixin: 0.8.5
[19:02:43] [modloading-worker-0/INFO] OS: Linux 6.8.0-1030-azure (amd64)
[19:02:43] [modloading-worker-0/INFO] Java: 17.0.16 (Ubuntu)
[19:02:43] [modloading-worker-0/INFO] ========================================
[19:02:43] [modloading-worker-0/INFO] Mods:
[19:02:43] [modloading-worker-0/INFO] - adorablehamsterpets: 2.3.0-1.20.1+forge
[19:02:43] [modloading-worker-0/INFO] - alexsmobs: 1.22.9
[19:02:43] [modloading-worker-0/INFO] - amendments: 1.20-2.2.1
[19:02:43] [modloading-worker-0/INFO] - animalistic_a: 1.2.2
[19:02:43] [modloading-worker-0/INFO] - architectury: 9.2.14
[19:02:43] [modloading-worker-0/INFO] - artifacts: 9.5.16
[19:02:43] [modloading-worker-0/INFO] - biomesoplenty: 19.0.0.96
[19:02:43] [modloading-worker-0/INFO] - bocchium: 1.20.1-0.0.3
[19:02:43] [modloading-worker-0/INFO] - carryon: 2.1.2.7
[19:02:43] [modloading-worker-0/INFO] - chloride: 1.7.2
[19:02:43] [modloading-worker-0/INFO] - citadel: 2.6.2
[19:02:43] [modloading-worker-0/INFO] - cloth_config: 11.1.136
[19:02:43] [modloading-worker-0/INFO] - corpse: 1.20.1-1.0.21
[19:02:43] [modloading-worker-0/INFO] - cristellib: 1.1.6
[19:02:43] [modloading-worker-0/INFO] - croptopia: 3.0.4
[19:02:43] [modloading-worker-0/INFO] - curios: 5.14.1+1.20.1
[19:02:43] [modloading-worker-0/INFO] - dimthread: 1.2.1
[19:02:43] [modloading-worker-0/INFO] - doapi: 1.2.15
[19:02:43] [modloading-worker-0/INFO] - dungeons_enhanced: 5.4.2
[19:02:43] [modloading-worker-0/INFO] - elysium_api: 1.1.3
[19:02:43] [modloading-worker-0/INFO] - embeddium: 0.3.31+mc1.20.1
[19:02:43] [modloading-worker-0/INFO] - epherolib: 0.1.2
[19:02:43] [modloading-worker-0/INFO] - expandability: 9.0.4
[19:02:43] [modloading-worker-0/INFO] - fallingtree: 4.3.4
[19:02:43] [modloading-worker-0/INFO] - farm_and_charm: 1.0.9
[19:02:43] [modloading-worker-0/INFO] - farmersdelight: 1.20.1-1.2.8
[19:02:43] [modloading-worker-0/INFO] - ferritecore: 6.0.1
[19:02:43] [modloading-worker-0/INFO] - forge: 47.3.7
[19:02:43] [modloading-worker-0/INFO] - fpsreducer: 1.20.1-2.5.1
[19:02:43] [modloading-worker-0/INFO] - framework: 0.7.15
[19:02:43] [modloading-worker-0/INFO] - fzzy_config: 0.7.1+1.20.1+forge
[19:02:43] [modloading-worker-0/INFO] - geckolib: 4.7.2
[19:02:43] [modloading-worker-0/INFO] - glitchcore: 0.0.1.1
[19:02:43] [modloading-worker-0/INFO] - immediatelyfast: 1.2.4+1.20.1
[19:02:43] [modloading-worker-0/INFO] - jade: 11.13.1+forge
[19:02:43] [modloading-worker-0/INFO] - journeymap: 5.10.3
[19:02:43] [modloading-worker-0/INFO] - kotlinforforge: 4.11.0
[19:02:43] [modloading-worker-0/INFO] - memoryleakfix: 1.1.5
[19:02:43] [modloading-worker-0/INFO] - minecraft: 1.20.1
[19:02:43] [modloading-worker-0/INFO] - miners_delight: 1.20.1-1.2.3
[19:02:43] [modloading-worker-0/INFO] - mixinextras: 0.2.0-beta.6
[19:02:43] [modloading-worker-0/INFO] - mixinsquared: 0.1.1
[19:02:43] [modloading-worker-0/INFO] - modernfix: 5.24.4+mc1.20.1
[19:02:43] [modloading-worker-0/INFO] - moonlight: 1.20-2.16.5
[19:02:43] [modloading-worker-0/INFO] - nerb: 0.4.1
[19:02:43] [modloading-worker-0/INFO] - netherexp: 2.3.5
[19:02:43] [modloading-worker-0/INFO] - nethers_exoticism: 1.2.9
[19:02:43] [modloading-worker-0/INFO] - octolib: 0.5.0.1
[19:02:43] [modloading-worker-0/INFO] - radium: 0.12.4+git.26c9d8e
[19:02:43] [modloading-worker-0/INFO] - refurbished_furniture: 1.0.14
[19:02:43] [modloading-worker-0/INFO] - roughlyenoughitems: 12.1.785
[19:02:43] [modloading-worker-0/INFO] - rubidium: 0.7.1
[19:02:43] [modloading-worker-0/INFO] - seeds: 1.1.5
[19:02:43] [modloading-worker-0/INFO] - sophisticatedbackpacks: 3.23.23.1281
[19:02:43] [modloading-worker-0/INFO] - sophisticatedcore: 1.2.75.1033
[19:02:43] [modloading-worker-0/INFO] - structory: 1.3.5
[19:02:43] [modloading-worker-0/INFO] - structure_gel: 2.16.2
[19:02:43] [modloading-worker-0/INFO] - supplementaries: 1.20-3.1.37
[19:02:43] [modloading-worker-0/INFO] - terrablender: 3.0.1.10
[19:02:43] [modloading-worker-0/INFO] - terraform: 7.0.1
[19:02:43] [modloading-worker-0/INFO] - terralith: 2.5.4
[19:02:43] [modloading-worker-0/INFO] ========================================
[19:02:43] [modloading-worker-0/INFO] [REI] Registered plugin provider CoreReiCommonPlugin [sophisticatedcore] for REIPlugin
[19:02:43] [modloading-worker-0/INFO] [REI] Registered plugin provider BackpackReiCommonPlugin [sophisticatedbackpacks] for REIPlugin
[19:02:43] [modloading-worker-0/INFO] [REI] Registered plugin provider DefaultPluginImpl [roughlyenoughitems] for REIServerPlugin
[19:02:43] [modloading-worker-0/INFO] [REI] Registered plugin provider DefaultPluginImpl [roughlyenoughitems] for REIPlugin
[19:02:43] [modloading-worker-0/INFO] [REI] Registered plugin provider DefaultRuntimePlugin [roughlyenoughitems] for REIServerPlugin
[19:02:43] [modloading-worker-0/INFO] [REI] Registered plugin provider DefaultRuntimePlugin [roughlyenoughitems] for REIPlugin
[19:02:43] [modloading-worker-0/INFO] [REI] Registered plugin provider CoreReiCommonPlugin [sophisticatedcore] for REIServerPlugin
[19:02:43] [modloading-worker-0/INFO] [REI] Registered plugin provider BackpackReiCommonPlugin [sophisticatedbackpacks] for REIServerPlugin
[19:02:53] [Worker-Main-3/DEBUG] [REI] Processed 0 tags in 30.21 μs for minecraft:worldgen/world_preset
[19:02:53] [Worker-Main-3/DEBUG] [REI] Processed 2 tags in 2.346 ms for minecraft:cat_variant
[19:02:53] [Worker-Main-3/DEBUG] [REI] Processed 0 tags in 8.406 μs for minecraft:dimension_type
[19:02:53] [Worker-Main-3/DEBUG] [REI] Processed 0 tags in 172.6 μs for minecraft:worldgen/biome
[19:02:53] [Worker-Main-3/DEBUG] [REI] Processed 0 tags in 13.74 μs for moonlight:soft_fluids
[19:02:53] [Worker-Main-3/DEBUG] [REI] Processed 7 tags in 32.07 μs for minecraft:fluid
[19:02:53] [Worker-Main-2/DEBUG] [REI] Processed 524 tags in 7.426 ms for minecraft:block
[19:02:53] [Worker-Main-3/DEBUG] [REI] Processed 0 tags in 15.13 μs for minecraft:damage_type
[19:02:53] [Worker-Main-3/DEBUG] [REI] Processed 1 tags in 36.40 μs for minecraft:painting_variant
[19:02:53] [Worker-Main-3/DEBUG] [REI] Processed 3 tags in 93.10 μs for minecraft:point_of_interest_type
[19:02:53] [Worker-Main-3/DEBUG] [REI] Processed 1 tags in 6.201 μs for minecraft:potion
[19:02:53] [Worker-Main-3/DEBUG] [REI] Processed 0 tags in 15.16 μs for minecraft:worldgen/structure
[19:02:53] [Worker-Main-3/DEBUG] [REI] Processed 2 tags in 19.23 μs for minecraft:mob_effect
[19:02:53] [Worker-Main-3/DEBUG] [REI] Processed 0 tags in 4.799 μs for minecraft:worldgen/flat_level_generator_preset
[19:02:53] [Worker-Main-2/DEBUG] [REI] Processed 75 tags in 307.2 μs for minecraft:entity_type
[19:02:53] [Worker-Main-2/DEBUG] [REI] Processed 3 tags in 19.82 μs for minecraft:instrument
[19:02:53] [Worker-Main-3/DEBUG] [REI] Processed 5 tags in 1.359 ms for minecraft:game_event
[19:02:53] [Worker-Main-2/DEBUG] [REI] Processed 13 tags in 63.37 μs for minecraft:banner_pattern
[19:02:53] [Worker-Main-1/DEBUG] [REI] Processed 1394 tags in 4.976 ms for minecraft:item
[19:02:54] [main/DEBUG] [REI] Starting Reload Plugins of stage null
java.lang.Throwable
	at TRANSFORMER/roughlyenoughitems@12.1.785/me.shedaniel.rei.impl.common.plugins.ReloadManagerImpl.reloadPlugins(ReloadManagerImpl.java:110)
	at TRANSFORMER/roughlyenoughitems@12.1.785/me.shedaniel.rei.RoughlyEnoughItemsCore.lambda$onInitialize$5(RoughlyEnoughItemsCore.java:163)
	at java.base/java.util.concurrent.CompletableFuture$UniRun.tryFire(CompletableFuture.java:787)
	at java.base/java.util.concurrent.CompletableFuture$Completion.run(CompletableFuture.java:482)
	at TRANSFORMER/minecraft@1.20.1/net.minecraft.server.packs.resources.SimpleReloadInstance.m_143940_(SimpleReloadInstance.java:69)
	at TRANSFORMER/minecraft@1.20.1/net.minecraft.Util.m_214652_(Util.java:783)
	at TRANSFORMER/minecraft@1.20.1/net.minecraft.Util.m_214679_(Util.java:772)
	at TRANSFORMER/minecraft@1.20.1/net.minecraft.server.Main.main(Main.java:166)
	at java.base/jdk.internal.reflect.NativeMethodAccessorImpl.invoke0(Native Method)
	at java.base/jdk.internal.reflect.NativeMethodAccessorImpl.invoke(NativeMethodAccessorImpl.java:77)
	at java.base/jdk.internal.reflect.DelegatingMethodAccessorImpl.invoke(DelegatingMethodAccessorImpl.java:43)
	at java.base/java.lang.reflect.Method.invoke(Method.java:569)
	at MC-BOOTSTRAP/fmlloader@1.20.1-47.3.7/net.minecraftforge.fml.loading.targets.CommonLaunchHandler.runTarget(CommonLaunchHandler.java:111)
	at MC-BOOTSTRAP/fmlloader@1.20.1-47.3.7/net.minecraftforge.fml.loading.targets.CommonLaunchHandler.serverService(CommonLaunchHandler.java:103)
	at MC-BOOTSTRAP/fmlloader@1.20.1-47.3.7/net.minecraftforge.fml.loading.targets.CommonServerLaunchHandler.lambda$makeService$0(CommonServerLaunchHandler.java:27)
	at MC-BOOTSTRAP/cpw.mods.modlauncher@10.0.9/cpw.mods.modlauncher.LaunchServiceHandlerDecorator.launch(LaunchServiceHandlerDecorator.java:30)
	at MC-BOOTSTRAP/cpw.mods.modlauncher@10.0.9/cpw.mods.modlauncher.LaunchServiceHandler.launch(LaunchServiceHandler.java:53)
	at MC-BOOTSTRAP/cpw.mods.modlauncher@10.0.9/cpw.mods.modlauncher.LaunchServiceHandler.launch(LaunchServiceHandler.java:71)
	at MC-BOOTSTRAP/cpw.mods.modlauncher@10.0.9/cpw.mods.modlauncher.Launcher.run(Launcher.java:108)
	at MC-BOOTSTRAP/cpw.mods.modlauncher@10.0.9/cpw.mods.modlauncher.Launcher.main(Launcher.java:78)
	at MC-BOOTSTRAP/cpw.mods.modlauncher@10.0.9/cpw.mods.modlauncher.BootstrapLaunchConsumer.accept(BootstrapLaunchConsumer.java:26)
	at MC-BOOTSTRAP/cpw.mods.modlauncher@10.0.9/cpw.mods.modlauncher.BootstrapLaunchConsumer.accept(BootstrapLaunchConsumer.java:23)
	at cpw.mods.bootstraplauncher@1.1.2/cpw.mods.bootstraplauncher.BootstrapLauncher.main(BootstrapLauncher.java:141)
[19:02:54] [main/DEBUG] [REI] ========================================
[19:02:54] [main/DEBUG] [REI] REIPlugin starting pre-reload for START.
[19:02:54] [main/DEBUG] [REI] Reloadables (7):
[19:02:54] [main/DEBUG] [REI]  - EntryTypeRegistryImpl
[19:02:54] [main/DEBUG] [REI]  - EntrySettingsAdapterRegistryImpl
[19:02:54] [main/DEBUG] [REI]  - RecipeManagerContextImpl
[19:02:54] [main/DEBUG] [REI]  - ItemComparatorRegistryImpl
[19:02:54] [main/DEBUG] [REI]  - FluidComparatorRegistryImpl
[19:02:54] [main/DEBUG] [REI]  - DisplaySerializerRegistryImpl
[19:02:54] [main/DEBUG] [REI]  - FluidSupportProviderImpl
[19:02:54] [main/DEBUG] [REI] Plugins (4):
[19:02:54] [main/DEBUG] [REI]  - (-100.00) DefaultPluginImpl of DefaultPluginImpl [roughlyenoughitems]
[19:02:54] [main/DEBUG] [REI]  - (0.00) DefaultRuntimePlugin of DefaultRuntimePlugin [roughlyenoughitems]
[19:02:54] [main/DEBUG] [REI]  - (0.00) BackpackReiCommonPlugin of BackpackReiCommonPlugin [sophisticatedbackpacks]
[19:02:54] [main/DEBUG] [REI]  - (0.00) CoreReiCommonPlugin of CoreReiCommonPlugin [sophisticatedcore]
[19:02:54] [main/DEBUG] [REI] ========================================
[19:02:54] [main/TRACE] [REI] [REIPlugin START] Reloading Section: "pre-register/"
[19:02:54] [main/TRACE] [REI] [REIPlugin START] Reloading Section: "pre-register/DefaultPluginImpl of DefaultPluginImpl [roughlyenoughitems]/"
[19:02:54] [main/TRACE] [REI] [REIPlugin START] Reloading Section: "pre-register/DefaultPluginImpl of DefaultPluginImpl [roughlyenoughitems]/" done in 760.1 μs
[19:02:54] [main/TRACE] [REI] [REIPlugin START] Reloading Section: "pre-register/DefaultRuntimePlugin of DefaultRuntimePlugin [roughlyenoughitems]/"
[19:02:54] [main/TRACE] [REI] [REIPlugin START] Reloading Section: "pre-register/DefaultRuntimePlugin of DefaultRuntimePlugin [roughlyenoughitems]/" done in 67.33 μs
[19:02:54] [main/TRACE] [REI] [REIPlugin START] Reloading Section: "pre-register/BackpackReiCommonPlugin of BackpackReiCommonPlugin [sophisticatedbackpacks]/"
[19:02:54] [main/TRACE] [REI] [REIPlugin START] Reloading Section: "pre-register/BackpackReiCommonPlugin of BackpackReiCommonPlugin [sophisticatedbackpacks]/" done in 78.84 μs
[19:02:54] [main/TRACE] [REI] [REIPlugin START] Reloading Section: "pre-register/CoreReiCommonPlugin of CoreReiCommonPlugin [sophisticatedcore]/"
[19:02:54] [main/TRACE] [REI] [REIPlugin START] Reloading Section: "pre-register/CoreReiCommonPlugin of CoreReiCommonPlugin [sophisticatedcore]/" done in 77.43 μs
[19:02:54] [main/TRACE] [REI] [REIPlugin START] Reloading Section: "pre-register/" done in 10.37 ms
[19:02:54] [main/TRACE] [REI] [REIPlugin START] Reloading Section: "pre-stage/"
[19:02:54] [main/TRACE] [REI] [REIPlugin START] Reloading Section: "pre-stage/EntryTypeRegistryImpl/"
[19:02:54] [main/TRACE] [REI] [REIPlugin START] Reloading Section: "pre-stage/EntryTypeRegistryImpl/" done in 233.7 μs
[19:02:54] [main/TRACE] [REI] [REIPlugin START] Reloading Section: "pre-stage/EntrySettingsAdapterRegistryImpl/"
[19:02:54] [main/TRACE] [REI] [REIPlugin START] Reloading Section: "pre-stage/EntrySettingsAdapterRegistryImpl/" done in 57.86 μs
[19:02:54] [main/TRACE] [REI] [REIPlugin START] Reloading Section: "pre-stage/RecipeManagerContextImpl/"
[19:02:54] [main/TRACE] [REI] [REIPlugin START] Reloading Section: "pre-stage/RecipeManagerContextImpl/" done in 50.51 μs
[19:02:54] [main/TRACE] [REI] [REIPlugin START] Reloading Section: "pre-stage/ItemComparatorRegistryImpl/"
[19:02:54] [main/TRACE] [REI] [REIPlugin START] Reloading Section: "pre-stage/ItemComparatorRegistryImpl/" done in 70.92 μs
[19:02:54] [main/TRACE] [REI] [REIPlugin START] Reloading Section: "pre-stage/FluidComparatorRegistryImpl/"
[19:02:54] [main/TRACE] [REI] [REIPlugin START] Reloading Section: "pre-stage/FluidComparatorRegistryImpl/" done in 55.78 μs
[19:02:54] [main/TRACE] [REI] [REIPlugin START] Reloading Section: "pre-stage/DisplaySerializerRegistryImpl/"
[19:02:54] [main/TRACE] [REI] [REIPlugin START] Reloading Section: "pre-stage/DisplaySerializerRegistryImpl/" done in 53.51 μs
[19:02:54] [main/TRACE] [REI] [REIPlugin START] Reloading Section: "pre-stage/FluidSupportProviderImpl/"
[19:02:54] [main/TRACE] [REI] [REIPlugin START] Reloading Section: "pre-stage/FluidSupportProviderImpl/" done in 52.63 μs
[19:02:54] [main/TRACE] [REI] [REIPlugin START] Reloading Section: "pre-stage/" done in 1.403 ms
[19:02:54] [main/DEBUG] [REI] ========================================
[19:02:54] [main/DEBUG] [REI] REIPlugin finished pre-reload for START in 12.27 ms.
[19:02:54] [main/DEBUG] [REI] ========================================
[19:02:54] [main/DEBUG] [REI] ========================================
[19:02:54] [main/DEBUG] [REI] REIServerPlugin starting pre-reload for START.
[19:02:54] [main/DEBUG] [REI] Reloadables (2):
[19:02:54] [main/DEBUG] [REI]  - MenuInfoRegistryImpl
[19:02:54] [main/DEBUG] [REI]  - SlotAccessorRegistryImpl
[19:02:54] [main/DEBUG] [REI] Plugins (4):
[19:02:54] [main/DEBUG] [REI]  - (-100.00) DefaultPluginImpl of DefaultPluginImpl [roughlyenoughitems]
[19:02:54] [main/DEBUG] [REI]  - (0.00) BackpackReiCommonPlugin of BackpackReiCommonPlugin [sophisticatedbackpacks]
[19:02:54] [main/DEBUG] [REI]  - (0.00) CoreReiCommonPlugin of CoreReiCommonPlugin [sophisticatedcore]
[19:02:54] [main/DEBUG] [REI]  - (0.00) DefaultRuntimePlugin of DefaultRuntimePlugin [roughlyenoughitems]
[19:02:54] [main/DEBUG] [REI] ========================================
[19:02:54] [main/TRACE] [REI] [REIServerPlugin START] Reloading Section: "pre-register/"
[19:02:54] [main/TRACE] [REI] [REIServerPlugin START] Reloading Section: "pre-register/DefaultPluginImpl of DefaultPluginImpl [roughlyenoughitems]/"
[19:02:54] [main/TRACE] [REI] [REIServerPlugin START] Reloading Section: "pre-register/DefaultPluginImpl of DefaultPluginImpl [roughlyenoughitems]/" done in 60.92 μs
[19:02:54] [main/TRACE] [REI] [REIServerPlugin START] Reloading Section: "pre-register/BackpackReiCommonPlugin of BackpackReiCommonPlugin [sophisticatedbackpacks]/"
[19:02:54] [main/TRACE] [REI] [REIServerPlugin START] Reloading Section: "pre-register/BackpackReiCommonPlugin of BackpackReiCommonPlugin [sophisticatedbackpacks]/" done in 57.27 μs
[19:02:54] [main/TRACE] [REI] [REIServerPlugin START] Reloading Section: "pre-register/CoreReiCommonPlugin of CoreReiCommonPlugin [sophisticatedcore]/"
[19:02:54] [main/TRACE] [REI] [REIServerPlugin START] Reloading Section: "pre-register/CoreReiCommonPlugin of CoreReiCommonPlugin [sophisticatedcore]/" done in 57.19 μs
[19:02:54] [main/TRACE] [REI] [REIServerPlugin START] Reloading Section: "pre-register/DefaultRuntimePlugin of DefaultRuntimePlugin [roughlyenoughitems]/"
[19:02:54] [main/TRACE] [REI] [REIServerPlugin START] Reloading Section: "pre-register/DefaultRuntimePlugin of DefaultRuntimePlugin [roughlyenoughitems]/" done in 53.57 μs
[19:02:54] [main/TRACE] [REI] [REIServerPlugin START] Reloading Section: "pre-register/" done in 714.6 μs
[19:02:54] [main/TRACE] [REI] [REIServerPlugin START] Reloading Section: "pre-stage/"
[19:02:54] [main/TRACE] [REI] [REIServerPlugin START] Reloading Section: "pre-stage/MenuInfoRegistryImpl/"
[19:02:54] [main/TRACE] [REI] [REIServerPlugin START] Reloading Section: "pre-stage/MenuInfoRegistryImpl/" done in 61.19 μs
[19:02:54] [main/TRACE] [REI] [REIServerPlugin START] Reloading Section: "pre-stage/SlotAccessorRegistryImpl/"
[19:02:54] [main/TRACE] [REI] [REIServerPlugin START] Reloading Section: "pre-stage/SlotAccessorRegistryImpl/" done in 72.46 μs
[19:02:54] [main/TRACE] [REI] [REIServerPlugin START] Reloading Section: "pre-stage/" done in 416.1 μs
[19:02:54] [main/DEBUG] [REI] ========================================
[19:02:54] [main/DEBUG] [REI] REIServerPlugin finished pre-reload for START in 1.330 ms.
[19:02:54] [main/DEBUG] [REI] ========================================
[19:02:54] [main/INFO] [REI] ########################################
[19:02:54] [main/INFO] [REI] REIPlugin starting main-reload for START.
[19:02:54] [main/DEBUG] [REI] Reloadables (7):
[19:02:54] [main/DEBUG] [REI]  - EntryTypeRegistryImpl
[19:02:54] [main/DEBUG] [REI]  - EntrySettingsAdapterRegistryImpl
[19:02:54] [main/DEBUG] [REI]  - RecipeManagerContextImpl
[19:02:54] [main/DEBUG] [REI]  - ItemComparatorRegistryImpl
[19:02:54] [main/DEBUG] [REI]  - FluidComparatorRegistryImpl
[19:02:54] [main/DEBUG] [REI]  - DisplaySerializerRegistryImpl
[19:02:54] [main/DEBUG] [REI]  - FluidSupportProviderImpl
[19:02:54] [main/INFO] [REI] Plugins (4):
[19:02:54] [main/INFO] [REI]  - (-100.00) DefaultPluginImpl of DefaultPluginImpl [roughlyenoughitems]
[19:02:54] [main/INFO] [REI]  - (0.00) DefaultRuntimePlugin of DefaultRuntimePlugin [roughlyenoughitems]
[19:02:54] [main/INFO] [REI]  - (0.00) BackpackReiCommonPlugin of BackpackReiCommonPlugin [sophisticatedbackpacks]
[19:02:54] [main/INFO] [REI]  - (0.00) CoreReiCommonPlugin of CoreReiCommonPlugin [sophisticatedcore]
[19:02:54] [main/INFO] [REI] ########################################
[19:02:54] [main/TRACE] [REI] [REIPlugin START] Reloading Section: "start-reload/"
[19:02:54] [main/TRACE] [REI] [REIPlugin START] Reloading Section: "start-reload/EntryTypeRegistryImpl/"
[19:02:54] [main/TRACE] [REI] [REIPlugin START] Reloading Section: "start-reload/EntryTypeRegistryImpl/" done in 139.3 μs
[19:02:54] [main/TRACE] [REI] [REIPlugin START] Reloading Section: "start-reload/EntrySettingsAdapterRegistryImpl/"
[19:02:54] [main/TRACE] [REI] [REIPlugin START] Reloading Section: "start-reload/EntrySettingsAdapterRegistryImpl/" done in 51.01 μs
[19:02:54] [main/TRACE] [REI] [REIPlugin START] Reloading Section: "start-reload/RecipeManagerContextImpl/"
[19:02:54] [main/TRACE] [REI] [REIPlugin START] Reloading Section: "start-reload/RecipeManagerContextImpl/" done in 37.40 μs
[19:02:54] [main/TRACE] [REI] [REIPlugin START] Reloading Section: "start-reload/ItemComparatorRegistryImpl/"
[19:02:54] [main/TRACE] [REI] [REIPlugin START] Reloading Section: "start-reload/ItemComparatorRegistryImpl/" done in 76.48 μs
[19:02:54] [main/TRACE] [REI] [REIPlugin START] Reloading Section: "start-reload/FluidComparatorRegistryImpl/"
[19:02:54] [main/TRACE] [REI] [REIPlugin START] Reloading Section: "start-reload/FluidComparatorRegistryImpl/" done in 64.60 μs
[19:02:54] [main/TRACE] [REI] [REIPlugin START] Reloading Section: "start-reload/DisplaySerializerRegistryImpl/"
[19:02:54] [main/TRACE] [REI] [REIPlugin START] Reloading Section: "start-reload/DisplaySerializerRegistryImpl/" done in 55.51 μs
[19:02:54] [main/TRACE] [REI] [REIPlugin START] Reloading Section: "start-reload/FluidSupportProviderImpl/"
[19:02:54] [main/TRACE] [REI] [REIPlugin START] Reloading Section: "start-reload/FluidSupportProviderImpl/" done in 65.62 μs
[19:02:54] [main/TRACE] [REI] [REIPlugin START] Reloading Section: "start-reload/" done in 1.278 ms
[19:02:54] [main/DEBUG] [REI] ========================================
[19:02:54] [main/DEBUG] [REI] REIPlugin started main-reload for START.
[19:02:54] [main/DEBUG] [REI] ========================================
[19:02:54] [main/TRACE] [REI] [REIPlugin START] Reloading Section: "reloadable-plugin/EntryTypeRegistryImpl/"
[19:02:54] [main/TRACE] [REI] [REIPlugin START] Reloading Section: "reloadable-plugin/EntryTypeRegistryImpl/DefaultPluginImpl of DefaultPluginImpl [roughlyenoughitems]/"
[19:02:54] [main/TRACE] [REI] [REIPlugin START] Reloading Section: "reloadable-plugin/EntryTypeRegistryImpl/DefaultPluginImpl of DefaultPluginImpl [roughlyenoughitems]/" done in 258.1 μs
[19:02:54] [main/TRACE] [REI] [REIPlugin START] Reloading Section: "reloadable-plugin/EntryTypeRegistryImpl/DefaultRuntimePlugin of DefaultRuntimePlugin [roughlyenoughitems]/"
[19:02:54] [main/TRACE] [REI] [REIPlugin START] Reloading Section: "reloadable-plugin/EntryTypeRegistryImpl/DefaultRuntimePlugin of DefaultRuntimePlugin [roughlyenoughitems]/" done in 5.961 ms
[19:02:54] [main/TRACE] [REI] [REIPlugin START] Reloading Section: "reloadable-plugin/EntryTypeRegistryImpl/BackpackReiCommonPlugin of BackpackReiCommonPlugin [sophisticatedbackpacks]/"
[19:02:54] [main/TRACE] [REI] [REIPlugin START] Reloading Section: "reloadable-plugin/EntryTypeRegistryImpl/BackpackReiCommonPlugin of BackpackReiCommonPlugin [sophisticatedbackpacks]/" done in 60.02 μs
[19:02:54] [main/TRACE] [REI] [REIPlugin START] Reloading Section: "reloadable-plugin/EntryTypeRegistryImpl/CoreReiCommonPlugin of CoreReiCommonPlugin [sophisticatedcore]/"
[19:02:54] [main/TRACE] [REI] [REIPlugin START] Reloading Section: "reloadable-plugin/EntryTypeRegistryImpl/CoreReiCommonPlugin of CoreReiCommonPlugin [sophisticatedcore]/" done in 69.43 μs
[19:02:54] [main/TRACE] [REI] [REIPlugin START] Reloading Section: "reloadable-plugin/EntryTypeRegistryImpl/" done in 7.697 ms
[19:02:54] [main/TRACE] [REI] [REIPlugin START] Reloading Section: "reloadable-plugin/EntrySettingsAdapterRegistryImpl/"
[19:02:54] [main/TRACE] [REI] [REIPlugin START] Reloading Section: "reloadable-plugin/EntrySettingsAdapterRegistryImpl/DefaultPluginImpl of DefaultPluginImpl [roughlyenoughitems]/"
[19:02:54] [main/TRACE] [REI] [REIPlugin START] Reloading Section: "reloadable-plugin/EntrySettingsAdapterRegistryImpl/DefaultPluginImpl of DefaultPluginImpl [roughlyenoughitems]/" done in 58.75 μs
[19:02:54] [main/TRACE] [REI] [REIPlugin START] Reloading Section: "reloadable-plugin/EntrySettingsAdapterRegistryImpl/DefaultRuntimePlugin of DefaultRuntimePlugin [roughlyenoughitems]/"
[19:02:54] [main/TRACE] [REI] [REIPlugin START] Reloading Section: "reloadable-plugin/EntrySettingsAdapterRegistryImpl/DefaultRuntimePlugin of DefaultRuntimePlugin [roughlyenoughitems]/" done in 71.50 μs
[19:02:54] [main/TRACE] [REI] [REIPlugin START] Reloading Section: "reloadable-plugin/EntrySettingsAdapterRegistryImpl/BackpackReiCommonPlugin of BackpackReiCommonPlugin [sophisticatedbackpacks]/"
[19:02:54] [main/TRACE] [REI] [REIPlugin START] Reloading Section: "reloadable-plugin/EntrySettingsAdapterRegistryImpl/BackpackReiCommonPlugin of BackpackReiCommonPlugin [sophisticatedbackpacks]/" done in 68.25 μs
[19:02:54] [main/TRACE] [REI] [REIPlugin START] Reloading Section: "reloadable-plugin/EntrySettingsAdapterRegistryImpl/CoreReiCommonPlugin of CoreReiCommonPlugin [sophisticatedcore]/"
[19:02:54] [main/TRACE] [REI] [REIPlugin START] Reloading Section: "reloadable-plugin/EntrySettingsAdapterRegistryImpl/CoreReiCommonPlugin of CoreReiCommonPlugin [sophisticatedcore]/" done in 64.24 μs
[19:02:54] [main/TRACE] [REI] [REIPlugin START] Reloading Section: "reloadable-plugin/EntrySettingsAdapterRegistryImpl/" done in 719.9 μs
[19:02:54] [main/TRACE] [REI] [REIPlugin START] Reloading Section: "reloadable-plugin/RecipeManagerContextImpl/"
[19:02:54] [main/TRACE] [REI] [REIPlugin START] Reloading Section: "reloadable-plugin/RecipeManagerContextImpl/DefaultPluginImpl of DefaultPluginImpl [roughlyenoughitems]/"
[19:02:54] [main/TRACE] [REI] [REIPlugin START] Reloading Section: "reloadable-plugin/RecipeManagerContextImpl/DefaultPluginImpl of DefaultPluginImpl [roughlyenoughitems]/" done in 48.18 μs
[19:02:54] [main/TRACE] [REI] [REIPlugin START] Reloading Section: "reloadable-plugin/RecipeManagerContextImpl/DefaultRuntimePlugin of DefaultRuntimePlugin [roughlyenoughitems]/"
[19:02:54] [main/TRACE] [REI] [REIPlugin START] Reloading Section: "reloadable-plugin/RecipeManagerContextImpl/DefaultRuntimePlugin of DefaultRuntimePlugin [roughlyenoughitems]/" done in 61.09 μs
[19:02:54] [main/TRACE] [REI] [REIPlugin START] Reloading Section: "reloadable-plugin/RecipeManagerContextImpl/BackpackReiCommonPlugin of BackpackReiCommonPlugin [sophisticatedbackpacks]/"
[19:02:54] [main/TRACE] [REI] [REIPlugin START] Reloading Section: "reloadable-plugin/RecipeManagerContextImpl/BackpackReiCommonPlugin of BackpackReiCommonPlugin [sophisticatedbackpacks]/" done in 58.23 μs
[19:02:54] [main/TRACE] [REI] [REIPlugin START] Reloading Section: "reloadable-plugin/RecipeManagerContextImpl/CoreReiCommonPlugin of CoreReiCommonPlugin [sophisticatedcore]/"
[19:02:54] [main/TRACE] [REI] [REIPlugin START] Reloading Section: "reloadable-plugin/RecipeManagerContextImpl/CoreReiCommonPlugin of CoreReiCommonPlugin [sophisticatedcore]/" done in 47.48 μs
[19:02:54] [main/TRACE] [REI] [REIPlugin START] Reloading Section: "reloadable-plugin/RecipeManagerContextImpl/" done in 722.9 μs
[19:02:54] [main/TRACE] [REI] [REIPlugin START] Reloading Section: "reloadable-plugin/ItemComparatorRegistryImpl/"
[19:02:54] [main/TRACE] [REI] [REIPlugin START] Reloading Section: "reloadable-plugin/ItemComparatorRegistryImpl/DefaultPluginImpl of DefaultPluginImpl [roughlyenoughitems]/"
[19:02:54] [main/TRACE] [REI] [REIPlugin START] Reloading Section: "reloadable-plugin/ItemComparatorRegistryImpl/DefaultPluginImpl of DefaultPluginImpl [roughlyenoughitems]/" done in 1.083 ms
[19:02:54] [main/TRACE] [REI] [REIPlugin START] Reloading Section: "reloadable-plugin/ItemComparatorRegistryImpl/DefaultRuntimePlugin of DefaultRuntimePlugin [roughlyenoughitems]/"
[19:02:54] [main/TRACE] [REI] [REIPlugin START] Reloading Section: "reloadable-plugin/ItemComparatorRegistryImpl/DefaultRuntimePlugin of DefaultRuntimePlugin [roughlyenoughitems]/" done in 52.86 μs
[19:02:54] [main/TRACE] [REI] [REIPlugin START] Reloading Section: "reloadable-plugin/ItemComparatorRegistryImpl/BackpackReiCommonPlugin of BackpackReiCommonPlugin [sophisticatedbackpacks]/"
[19:02:54] [main/TRACE] [REI] [REIPlugin START] Reloading Section: "reloadable-plugin/ItemComparatorRegistryImpl/BackpackReiCommonPlugin of BackpackReiCommonPlugin [sophisticatedbackpacks]/" done in 3.251 ms
[19:02:54] [main/TRACE] [REI] [REIPlugin START] Reloading Section: "reloadable-plugin/ItemComparatorRegistryImpl/CoreReiCommonPlugin of CoreReiCommonPlugin [sophisticatedcore]/"
[19:02:54] [main/TRACE] [REI] [REIPlugin START] Reloading Section: "reloadable-plugin/ItemComparatorRegistryImpl/CoreReiCommonPlugin of CoreReiCommonPlugin [sophisticatedcore]/" done in 72.93 μs
[19:02:54] [main/TRACE] [REI] [REIPlugin START] Reloading Section: "reloadable-plugin/ItemComparatorRegistryImpl/" done in 5.036 ms
[19:02:54] [main/TRACE] [REI] [REIPlugin START] Reloading Section: "reloadable-plugin/FluidComparatorRegistryImpl/"
[19:02:54] [main/TRACE] [REI] [REIPlugin START] Reloading Section: "reloadable-plugin/FluidComparatorRegistryImpl/DefaultPluginImpl of DefaultPluginImpl [roughlyenoughitems]/"
[19:02:54] [main/TRACE] [REI] [REIPlugin START] Reloading Section: "reloadable-plugin/FluidComparatorRegistryImpl/DefaultPluginImpl of DefaultPluginImpl [roughlyenoughitems]/" done in 78.86 μs
[19:02:54] [main/TRACE] [REI] [REIPlugin START] Reloading Section: "reloadable-plugin/FluidComparatorRegistryImpl/DefaultRuntimePlugin of DefaultRuntimePlugin [roughlyenoughitems]/"
[19:02:54] [main/TRACE] [REI] [REIPlugin START] Reloading Section: "reloadable-plugin/FluidComparatorRegistryImpl/DefaultRuntimePlugin of DefaultRuntimePlugin [roughlyenoughitems]/" done in 59.11 μs
[19:02:54] [main/TRACE] [REI] [REIPlugin START] Reloading Section: "reloadable-plugin/FluidComparatorRegistryImpl/BackpackReiCommonPlugin of BackpackReiCommonPlugin [sophisticatedbackpacks]/"
[19:02:54] [main/TRACE] [REI] [REIPlugin START] Reloading Section: "reloadable-plugin/FluidComparatorRegistryImpl/BackpackReiCommonPlugin of BackpackReiCommonPlugin [sophisticatedbackpacks]/" done in 76.06 μs
[19:02:54] [main/TRACE] [REI] [REIPlugin START] Reloading Section: "reloadable-plugin/FluidComparatorRegistryImpl/CoreReiCommonPlugin of CoreReiCommonPlugin [sophisticatedcore]/"
[19:02:54] [main/TRACE] [REI] [REIPlugin START] Reloading Section: "reloadable-plugin/FluidComparatorRegistryImpl/CoreReiCommonPlugin of CoreReiCommonPlugin [sophisticatedcore]/" done in 53.52 μs
[19:02:54] [main/TRACE] [REI] [REIPlugin START] Reloading Section: "reloadable-plugin/FluidComparatorRegistryImpl/" done in 771.0 μs
[19:02:54] [main/TRACE] [REI] [REIPlugin START] Reloading Section: "reloadable-plugin/DisplaySerializerRegistryImpl/"
[19:02:54] [main/TRACE] [REI] [REIPlugin START] Reloading Section: "reloadable-plugin/DisplaySerializerRegistryImpl/DefaultPluginImpl of DefaultPluginImpl [roughlyenoughitems]/"
[19:02:54] [main/TRACE] [REI] [REIPlugin START] Reloading Section: "reloadable-plugin/DisplaySerializerRegistryImpl/DefaultPluginImpl of DefaultPluginImpl [roughlyenoughitems]/" done in 65.35 μs
[19:02:54] [main/TRACE] [REI] [REIPlugin START] Reloading Section: "reloadable-plugin/DisplaySerializerRegistryImpl/DefaultRuntimePlugin of DefaultRuntimePlugin [roughlyenoughitems]/"
[19:02:54] [main/TRACE] [REI] [REIPlugin START] Reloading Section: "reloadable-plugin/DisplaySerializerRegistryImpl/DefaultRuntimePlugin of DefaultRuntimePlugin [roughlyenoughitems]/" done in 53.67 μs
[19:02:54] [main/TRACE] [REI] [REIPlugin START] Reloading Section: "reloadable-plugin/DisplaySerializerRegistryImpl/BackpackReiCommonPlugin of BackpackReiCommonPlugin [sophisticatedbackpacks]/"
[19:02:54] [main/TRACE] [REI] [REIPlugin START] Reloading Section: "reloadable-plugin/DisplaySerializerRegistryImpl/BackpackReiCommonPlugin of BackpackReiCommonPlugin [sophisticatedbackpacks]/" done in 54.02 μs
[19:02:54] [main/TRACE] [REI] [REIPlugin START] Reloading Section: "reloadable-plugin/DisplaySerializerRegistryImpl/CoreReiCommonPlugin of CoreReiCommonPlugin [sophisticatedcore]/"
[19:02:54] [main/TRACE] [REI] [REIPlugin START] Reloading Section: "reloadable-plugin/DisplaySerializerRegistryImpl/CoreReiCommonPlugin of CoreReiCommonPlugin [sophisticatedcore]/" done in 37.32 μs
[19:02:54] [main/TRACE] [REI] [REIPlugin START] Reloading Section: "reloadable-plugin/DisplaySerializerRegistryImpl/" done in 640.2 μs
[19:02:54] [main/TRACE] [REI] [REIPlugin START] Reloading Section: "reloadable-plugin/FluidSupportProviderImpl/"
[19:02:54] [main/TRACE] [REI] [REIPlugin START] Reloading Section: "reloadable-plugin/FluidSupportProviderImpl/DefaultPluginImpl of DefaultPluginImpl [roughlyenoughitems]/"
[19:02:54] [main/TRACE] [REI] [REIPlugin START] Reloading Section: "reloadable-plugin/FluidSupportProviderImpl/DefaultPluginImpl of DefaultPluginImpl [roughlyenoughitems]/" done in 414.2 μs
[19:02:54] [main/TRACE] [REI] [REIPlugin START] Reloading Section: "reloadable-plugin/FluidSupportProviderImpl/DefaultRuntimePlugin of DefaultRuntimePlugin [roughlyenoughitems]/"
[19:02:54] [main/TRACE] [REI] [REIPlugin START] Reloading Section: "reloadable-plugin/FluidSupportProviderImpl/DefaultRuntimePlugin of DefaultRuntimePlugin [roughlyenoughitems]/" done in 60.39 μs
[19:02:54] [main/TRACE] [REI] [REIPlugin START] Reloading Section: "reloadable-plugin/FluidSupportProviderImpl/BackpackReiCommonPlugin of BackpackReiCommonPlugin [sophisticatedbackpacks]/"
[19:02:54] [main/TRACE] [REI] [REIPlugin START] Reloading Section: "reloadable-plugin/FluidSupportProviderImpl/BackpackReiCommonPlugin of BackpackReiCommonPlugin [sophisticatedbackpacks]/" done in 41.45 μs
[19:02:54] [main/TRACE] [REI] [REIPlugin START] Reloading Section: "reloadable-plugin/FluidSupportProviderImpl/CoreReiCommonPlugin of CoreReiCommonPlugin [sophisticatedcore]/"
[19:02:54] [main/TRACE] [REI] [REIPlugin START] Reloading Section: "reloadable-plugin/FluidSupportProviderImpl/CoreReiCommonPlugin of CoreReiCommonPlugin [sophisticatedcore]/" done in 66.54 μs
[19:02:54] [main/TRACE] [REI] [REIPlugin START] Reloading Section: "reloadable-plugin/FluidSupportProviderImpl/" done in 985.4 μs
[19:02:54] [main/DEBUG] [REI] ========================================
[19:02:54] [main/DEBUG] [REI] REIPlugin ending main-reload for START.
[19:02:54] [main/DEBUG] [REI] ========================================
[19:02:54] [main/TRACE] [REI] [REIPlugin START] Reloading Section: "end-reload/"
[19:02:54] [main/TRACE] [REI] [REIPlugin START] Reloading Section: "end-reload/EntryTypeRegistryImpl/"
[19:02:54] [main/TRACE] [REI] [REIPlugin START] Reloading Section: "end-reload/EntryTypeRegistryImpl/" done in 39.97 μs
[19:02:54] [main/TRACE] [REI] [REIPlugin START] Reloading Section: "end-reload/EntrySettingsAdapterRegistryImpl/"
[19:02:54] [main/TRACE] [REI] [REIPlugin START] Reloading Section: "end-reload/EntrySettingsAdapterRegistryImpl/" done in 41.96 μs
[19:02:54] [main/TRACE] [REI] [REIPlugin START] Reloading Section: "end-reload/RecipeManagerContextImpl/"
[19:02:54] [main/TRACE] [REI] [REIPlugin START] Reloading Section: "end-reload/RecipeManagerContextImpl/" done in 56.24 μs
[19:02:54] [main/TRACE] [REI] [REIPlugin START] Reloading Section: "end-reload/ItemComparatorRegistryImpl/"
[19:02:54] [main/TRACE] [REI] [REIPlugin START] Reloading Section: "end-reload/ItemComparatorRegistryImpl/" done in 62.80 μs
[19:02:54] [main/TRACE] [REI] [REIPlugin START] Reloading Section: "end-reload/FluidComparatorRegistryImpl/"
[19:02:54] [main/TRACE] [REI] [REIPlugin START] Reloading Section: "end-reload/FluidComparatorRegistryImpl/" done in 56.26 μs
[19:02:54] [main/TRACE] [REI] [REIPlugin START] Reloading Section: "end-reload/DisplaySerializerRegistryImpl/"
[19:02:54] [main/TRACE] [REI] [REIPlugin START] Reloading Section: "end-reload/DisplaySerializerRegistryImpl/" done in 34.68 μs
[19:02:54] [main/TRACE] [REI] [REIPlugin START] Reloading Section: "end-reload/FluidSupportProviderImpl/"
[19:02:54] [main/TRACE] [REI] [REIPlugin START] Reloading Section: "end-reload/FluidSupportProviderImpl/" done in 32.84 μs
[19:02:54] [main/TRACE] [REI] [REIPlugin START] Reloading Section: "end-reload/" done in 987.4 μs
[19:02:54] [main/DEBUG] [REI] ========================================
[19:02:54] [main/DEBUG] [REI] REIPlugin ended main-reload for START in 22.90 ms.
[19:02:54] [main/DEBUG] [REI] ========================================
[19:02:54] [main/INFO] [REI] @@@@@@@@@@@@@@@@@@@@@@@@@@@@@@@@@@@@@@@@
[19:02:54] [main/INFO] [REI] REIServerPlugin starting main-reload for START.
[19:02:54] [main/DEBUG] [REI] Reloadables (2):
[19:02:54] [main/DEBUG] [REI]  - MenuInfoRegistryImpl
[19:02:54] [main/DEBUG] [REI]  - SlotAccessorRegistryImpl
[19:02:54] [main/INFO] [REI] Plugins (4):
[19:02:54] [main/INFO] [REI]  - (-100.00) DefaultPluginImpl of DefaultPluginImpl [roughlyenoughitems]
[19:02:54] [main/INFO] [REI]  - (0.00) BackpackReiCommonPlugin of BackpackReiCommonPlugin [sophisticatedbackpacks]
[19:02:54] [main/INFO] [REI]  - (0.00) CoreReiCommonPlugin of CoreReiCommonPlugin [sophisticatedcore]
[19:02:54] [main/INFO] [REI]  - (0.00) DefaultRuntimePlugin of DefaultRuntimePlugin [roughlyenoughitems]
[19:02:54] [main/INFO] [REI] @@@@@@@@@@@@@@@@@@@@@@@@@@@@@@@@@@@@@@@@
[19:02:54] [main/TRACE] [REI] [REIServerPlugin START] Reloading Section: "start-reload/"
[19:02:54] [main/TRACE] [REI] [REIServerPlugin START] Reloading Section: "start-reload/MenuInfoRegistryImpl/"
[19:02:54] [main/TRACE] [REI] [REIServerPlugin START] Reloading Section: "start-reload/MenuInfoRegistryImpl/" done in 33.94 μs
[19:02:54] [main/TRACE] [REI] [REIServerPlugin START] Reloading Section: "start-reload/SlotAccessorRegistryImpl/"
[19:02:54] [main/TRACE] [REI] [REIServerPlugin START] Reloading Section: "start-reload/SlotAccessorRegistryImpl/" done in 31.07 μs
[19:02:54] [main/TRACE] [REI] [REIServerPlugin START] Reloading Section: "start-reload/" done in 238.6 μs
[19:02:54] [main/DEBUG] [REI] ========================================
[19:02:54] [main/DEBUG] [REI] REIServerPlugin started main-reload for START.
[19:02:54] [main/DEBUG] [REI] ========================================
[19:02:54] [main/TRACE] [REI] [REIServerPlugin START] Reloading Section: "reloadable-plugin/MenuInfoRegistryImpl/"
[19:02:54] [main/TRACE] [REI] [REIServerPlugin START] Reloading Section: "reloadable-plugin/MenuInfoRegistryImpl/DefaultPluginImpl of DefaultPluginImpl [roughlyenoughitems]/"
[19:02:54] [main/TRACE] [REI] [REIServerPlugin START] Reloading Section: "reloadable-plugin/MenuInfoRegistryImpl/DefaultPluginImpl of DefaultPluginImpl [roughlyenoughitems]/" done in 59.09 μs
[19:02:54] [main/TRACE] [REI] [REIServerPlugin START] Reloading Section: "reloadable-plugin/MenuInfoRegistryImpl/BackpackReiCommonPlugin of BackpackReiCommonPlugin [sophisticatedbackpacks]/"
[19:02:54] [main/TRACE] [REI] [REIServerPlugin START] Reloading Section: "reloadable-plugin/MenuInfoRegistryImpl/BackpackReiCommonPlugin of BackpackReiCommonPlugin [sophisticatedbackpacks]/" done in 40.08 μs
[19:02:54] [main/TRACE] [REI] [REIServerPlugin START] Reloading Section: "reloadable-plugin/MenuInfoRegistryImpl/CoreReiCommonPlugin of CoreReiCommonPlugin [sophisticatedcore]/"
[19:02:54] [main/TRACE] [REI] [REIServerPlugin START] Reloading Section: "reloadable-plugin/MenuInfoRegistryImpl/CoreReiCommonPlugin of CoreReiCommonPlugin [sophisticatedcore]/" done in 75.15 μs
[19:02:54] [main/TRACE] [REI] [REIServerPlugin START] Reloading Section: "reloadable-plugin/MenuInfoRegistryImpl/DefaultRuntimePlugin of DefaultRuntimePlugin [roughlyenoughitems]/"
[19:02:54] [main/TRACE] [REI] [REIServerPlugin START] Reloading Section: "reloadable-plugin/MenuInfoRegistryImpl/DefaultRuntimePlugin of DefaultRuntimePlugin [roughlyenoughitems]/" done in 79.65 μs
[19:02:54] [main/TRACE] [REI] [REIServerPlugin START] Reloading Section: "reloadable-plugin/MenuInfoRegistryImpl/" done in 706.2 μs
[19:02:54] [main/TRACE] [REI] [REIServerPlugin START] Reloading Section: "reloadable-plugin/SlotAccessorRegistryImpl/"
[19:02:54] [main/TRACE] [REI] [REIServerPlugin START] Reloading Section: "reloadable-plugin/SlotAccessorRegistryImpl/DefaultPluginImpl of DefaultPluginImpl [roughlyenoughitems]/"
[19:02:54] [main/TRACE] [REI] [REIServerPlugin START] Reloading Section: "reloadable-plugin/SlotAccessorRegistryImpl/DefaultPluginImpl of DefaultPluginImpl [roughlyenoughitems]/" done in 65.04 μs
[19:02:54] [main/TRACE] [REI] [REIServerPlugin START] Reloading Section: "reloadable-plugin/SlotAccessorRegistryImpl/BackpackReiCommonPlugin of BackpackReiCommonPlugin [sophisticatedbackpacks]/"
[19:02:54] [main/TRACE] [REI] [REIServerPlugin START] Reloading Section: "reloadable-plugin/SlotAccessorRegistryImpl/BackpackReiCommonPlugin of BackpackReiCommonPlugin [sophisticatedbackpacks]/" done in 68.55 μs
[19:02:54] [main/TRACE] [REI] [REIServerPlugin START] Reloading Section: "reloadable-plugin/SlotAccessorRegistryImpl/CoreReiCommonPlugin of CoreReiCommonPlugin [sophisticatedcore]/"
[19:02:54] [main/TRACE] [REI] [REIServerPlugin START] Reloading Section: "reloadable-plugin/SlotAccessorRegistryImpl/CoreReiCommonPlugin of CoreReiCommonPlugin [sophisticatedcore]/" done in 59.24 μs
[19:02:54] [main/TRACE] [REI] [REIServerPlugin START] Reloading Section: "reloadable-plugin/SlotAccessorRegistryImpl/DefaultRuntimePlugin of DefaultRuntimePlugin [roughlyenoughitems]/"
[19:02:54] [main/TRACE] [REI] [REIServerPlugin START] Reloading Section: "reloadable-plugin/SlotAccessorRegistryImpl/DefaultRuntimePlugin of DefaultRuntimePlugin [roughlyenoughitems]/" done in 48.44 μs
[19:02:54] [main/TRACE] [REI] [REIServerPlugin START] Reloading Section: "reloadable-plugin/SlotAccessorRegistryImpl/" done in 738.0 μs
[19:02:54] [main/DEBUG] [REI] ========================================
[19:02:54] [main/DEBUG] [REI] REIServerPlugin ending main-reload for START.
[19:02:54] [main/DEBUG] [REI] ========================================
[19:02:54] [main/TRACE] [REI] [REIServerPlugin START] Reloading Section: "end-reload/"
[19:02:54] [main/TRACE] [REI] [REIServerPlugin START] Reloading Section: "end-reload/MenuInfoRegistryImpl/"
[19:02:54] [main/TRACE] [REI] [REIServerPlugin START] Reloading Section: "end-reload/MenuInfoRegistryImpl/" done in 22.68 μs
[19:02:54] [main/TRACE] [REI] [REIServerPlugin START] Reloading Section: "end-reload/SlotAccessorRegistryImpl/"
[19:02:54] [main/TRACE] [REI] [REIServerPlugin START] Reloading Section: "end-reload/SlotAccessorRegistryImpl/" done in 37.36 μs
[19:02:54] [main/TRACE] [REI] [REIServerPlugin START] Reloading Section: "end-reload/" done in 201.6 μs
[19:02:54] [main/DEBUG] [REI] ========================================
[19:02:54] [main/DEBUG] [REI] REIServerPlugin ended main-reload for START in 4.373 ms.
[19:02:54] [main/DEBUG] [REI] ========================================
[19:02:54] [main/DEBUG] [REI] ========================================
[19:02:54] [main/DEBUG] [REI] REIPlugin starting post-reload for START.
[19:02:54] [main/DEBUG] [REI] Reloadables (7):
[19:02:54] [main/DEBUG] [REI]  - EntryTypeRegistryImpl
[19:02:54] [main/DEBUG] [REI]  - EntrySettingsAdapterRegistryImpl
[19:02:54] [main/DEBUG] [REI]  - RecipeManagerContextImpl
[19:02:54] [main/DEBUG] [REI]  - ItemComparatorRegistryImpl
[19:02:54] [main/DEBUG] [REI]  - FluidComparatorRegistryImpl
[19:02:54] [main/DEBUG] [REI]  - DisplaySerializerRegistryImpl
[19:02:54] [main/DEBUG] [REI]  - FluidSupportProviderImpl
[19:02:54] [main/DEBUG] [REI] Plugins (4):
[19:02:54] [main/DEBUG] [REI]  - (-100.00) DefaultPluginImpl of DefaultPluginImpl [roughlyenoughitems]
[19:02:54] [main/DEBUG] [REI]  - (0.00) DefaultRuntimePlugin of DefaultRuntimePlugin [roughlyenoughitems]
[19:02:54] [main/DEBUG] [REI]  - (0.00) BackpackReiCommonPlugin of BackpackReiCommonPlugin [sophisticatedbackpacks]
[19:02:54] [main/DEBUG] [REI]  - (0.00) CoreReiCommonPlugin of CoreReiCommonPlugin [sophisticatedcore]
[19:02:54] [main/DEBUG] [REI] ========================================
[19:02:54] [main/TRACE] [REI] [REIPlugin START] Reloading Section: "post-register/"
[19:02:54] [main/TRACE] [REI] [REIPlugin START] Reloading Section: "post-register/DefaultPluginImpl of DefaultPluginImpl [roughlyenoughitems]/"
[19:02:54] [main/TRACE] [REI] [REIPlugin START] Reloading Section: "post-register/DefaultPluginImpl of DefaultPluginImpl [roughlyenoughitems]/" done in 342.4 μs
[19:02:54] [main/TRACE] [REI] [REIPlugin START] Reloading Section: "post-register/DefaultRuntimePlugin of DefaultRuntimePlugin [roughlyenoughitems]/"
[19:02:54] [main/TRACE] [REI] [REIPlugin START] Reloading Section: "post-register/DefaultRuntimePlugin of DefaultRuntimePlugin [roughlyenoughitems]/" done in 56.79 μs
[19:02:54] [main/TRACE] [REI] [REIPlugin START] Reloading Section: "post-register/BackpackReiCommonPlugin of BackpackReiCommonPlugin [sophisticatedbackpacks]/"
[19:02:54] [main/TRACE] [REI] [REIPlugin START] Reloading Section: "post-register/BackpackReiCommonPlugin of BackpackReiCommonPlugin [sophisticatedbackpacks]/" done in 65.16 μs
[19:02:54] [main/TRACE] [REI] [REIPlugin START] Reloading Section: "post-register/CoreReiCommonPlugin of CoreReiCommonPlugin [sophisticatedcore]/"
[19:02:54] [main/TRACE] [REI] [REIPlugin START] Reloading Section: "post-register/CoreReiCommonPlugin of CoreReiCommonPlugin [sophisticatedcore]/" done in 55.99 μs
[19:02:54] [main/TRACE] [REI] [REIPlugin START] Reloading Section: "post-register/" done in 1.232 ms
[19:02:54] [main/TRACE] [REI] [REIPlugin START] Reloading Section: "post-stage/"
[19:02:54] [main/TRACE] [REI] [REIPlugin START] Reloading Section: "post-stage/EntryTypeRegistryImpl/"
[19:02:54] [main/TRACE] [REI] [REIPlugin START] Reloading Section: "post-stage/EntryTypeRegistryImpl/" done in 66.95 μs
[19:02:54] [main/TRACE] [REI] [REIPlugin START] Reloading Section: "post-stage/EntrySettingsAdapterRegistryImpl/"
[19:02:54] [main/TRACE] [REI] [REIPlugin START] Reloading Section: "post-stage/EntrySettingsAdapterRegistryImpl/" done in 48.16 μs
[19:02:54] [main/TRACE] [REI] [REIPlugin START] Reloading Section: "post-stage/RecipeManagerContextImpl/"
[19:02:54] [main/TRACE] [REI] [REIPlugin START] Reloading Section: "post-stage/RecipeManagerContextImpl/" done in 40.47 μs
[19:02:54] [main/TRACE] [REI] [REIPlugin START] Reloading Section: "post-stage/ItemComparatorRegistryImpl/"
[19:02:54] [main/TRACE] [REI] [REIPlugin START] Reloading Section: "post-stage/ItemComparatorRegistryImpl/" done in 41.99 μs
[19:02:54] [main/TRACE] [REI] [REIPlugin START] Reloading Section: "post-stage/FluidComparatorRegistryImpl/"
[19:02:54] [main/TRACE] [REI] [REIPlugin START] Reloading Section: "post-stage/FluidComparatorRegistryImpl/" done in 61.32 μs
[19:02:54] [main/TRACE] [REI] [REIPlugin START] Reloading Section: "post-stage/DisplaySerializerRegistryImpl/"
[19:02:54] [main/TRACE] [REI] [REIPlugin START] Reloading Section: "post-stage/DisplaySerializerRegistryImpl/" done in 44.93 μs
[19:02:54] [main/TRACE] [REI] [REIPlugin START] Reloading Section: "post-stage/FluidSupportProviderImpl/"
[19:02:54] [main/TRACE] [REI] [REIPlugin START] Reloading Section: "post-stage/FluidSupportProviderImpl/" done in 44.98 μs
[19:02:54] [main/TRACE] [REI] [REIPlugin START] Reloading Section: "post-stage/" done in 1.178 ms
[19:02:54] [main/DEBUG] [REI] ========================================
[19:02:54] [main/INFO] [REI] REIPlugin finished post-reload for START in 2.585 ms, totaling 37.67 ms.
[19:02:54] [main/DEBUG] [REI] ========================================
[19:02:54] [main/DEBUG] [REI] ========================================
[19:02:54] [main/DEBUG] [REI] REIServerPlugin starting post-reload for START.
[19:02:54] [main/DEBUG] [REI] Reloadables (2):
[19:02:54] [main/DEBUG] [REI]  - MenuInfoRegistryImpl
[19:02:54] [main/DEBUG] [REI]  - SlotAccessorRegistryImpl
[19:02:54] [main/DEBUG] [REI] Plugins (4):
[19:02:54] [main/DEBUG] [REI]  - (-100.00) DefaultPluginImpl of DefaultPluginImpl [roughlyenoughitems]
[19:02:54] [main/DEBUG] [REI]  - (0.00) BackpackReiCommonPlugin of BackpackReiCommonPlugin [sophisticatedbackpacks]
[19:02:54] [main/DEBUG] [REI]  - (0.00) CoreReiCommonPlugin of CoreReiCommonPlugin [sophisticatedcore]
[19:02:54] [main/DEBUG] [REI]  - (0.00) DefaultRuntimePlugin of DefaultRuntimePlugin [roughlyenoughitems]
[19:02:54] [main/DEBUG] [REI] ========================================
[19:02:54] [main/TRACE] [REI] [REIServerPlugin START] Reloading Section: "post-register/"
[19:02:54] [main/TRACE] [REI] [REIServerPlugin START] Reloading Section: "post-register/DefaultPluginImpl of DefaultPluginImpl [roughlyenoughitems]/"
[19:02:54] [main/TRACE] [REI] [REIServerPlugin START] Reloading Section: "post-register/DefaultPluginImpl of DefaultPluginImpl [roughlyenoughitems]/" done in 55.46 μs
[19:02:54] [main/TRACE] [REI] [REIServerPlugin START] Reloading Section: "post-register/BackpackReiCommonPlugin of BackpackReiCommonPlugin [sophisticatedbackpacks]/"
[19:02:54] [main/TRACE] [REI] [REIServerPlugin START] Reloading Section: "post-register/BackpackReiCommonPlugin of BackpackReiCommonPlugin [sophisticatedbackpacks]/" done in 39.76 μs
[19:02:54] [main/TRACE] [REI] [REIServerPlugin START] Reloading Section: "post-register/CoreReiCommonPlugin of CoreReiCommonPlugin [sophisticatedcore]/"
[19:02:54] [main/TRACE] [REI] [REIServerPlugin START] Reloading Section: "post-register/CoreReiCommonPlugin of CoreReiCommonPlugin [sophisticatedcore]/" done in 52.40 μs
[19:02:54] [main/TRACE] [REI] [REIServerPlugin START] Reloading Section: "post-register/DefaultRuntimePlugin of DefaultRuntimePlugin [roughlyenoughitems]/"
[19:02:54] [main/TRACE] [REI] [REIServerPlugin START] Reloading Section: "post-register/DefaultRuntimePlugin of DefaultRuntimePlugin [roughlyenoughitems]/" done in 56.09 μs
[19:02:54] [main/TRACE] [REI] [REIServerPlugin START] Reloading Section: "post-register/" done in 629.6 μs
[19:02:54] [main/TRACE] [REI] [REIServerPlugin START] Reloading Section: "post-stage/"
[19:02:54] [main/TRACE] [REI] [REIServerPlugin START] Reloading Section: "post-stage/MenuInfoRegistryImpl/"
[19:02:54] [main/TRACE] [REI] [REIServerPlugin START] Reloading Section: "post-stage/MenuInfoRegistryImpl/" done in 39.20 μs
[19:02:54] [main/TRACE] [REI] [REIServerPlugin START] Reloading Section: "post-stage/SlotAccessorRegistryImpl/"
[19:02:54] [main/TRACE] [REI] [REIServerPlugin START] Reloading Section: "post-stage/SlotAccessorRegistryImpl/" done in 34.75 μs
[19:02:54] [main/TRACE] [REI] [REIServerPlugin START] Reloading Section: "post-stage/" done in 255.4 μs
[19:02:54] [main/DEBUG] [REI] ========================================
[19:02:54] [main/INFO] [REI] REIServerPlugin finished post-reload for START in 1.126 ms, totaling 6.792 ms.
[19:02:54] [main/DEBUG] [REI] ========================================
[19:02:54] [main/DEBUG] [REI] ========================================
[19:02:54] [main/DEBUG] [REI] REIPlugin starting pre-reload for END.
[19:02:54] [main/DEBUG] [REI] Reloadables (7):
[19:02:54] [main/DEBUG] [REI]  - EntryTypeRegistryImpl
[19:02:54] [main/DEBUG] [REI]  - EntrySettingsAdapterRegistryImpl
[19:02:54] [main/DEBUG] [REI]  - RecipeManagerContextImpl
[19:02:54] [main/DEBUG] [REI]  - ItemComparatorRegistryImpl
[19:02:54] [main/DEBUG] [REI]  - FluidComparatorRegistryImpl
[19:02:54] [main/DEBUG] [REI]  - DisplaySerializerRegistryImpl
[19:02:54] [main/DEBUG] [REI]  - FluidSupportProviderImpl
[19:02:54] [main/DEBUG] [REI] Plugins (4):
[19:02:54] [main/DEBUG] [REI]  - (-100.00) DefaultPluginImpl of DefaultPluginImpl [roughlyenoughitems]
[19:02:54] [main/DEBUG] [REI]  - (0.00) DefaultRuntimePlugin of DefaultRuntimePlugin [roughlyenoughitems]
[19:02:54] [main/DEBUG] [REI]  - (0.00) BackpackReiCommonPlugin of BackpackReiCommonPlugin [sophisticatedbackpacks]
[19:02:54] [main/DEBUG] [REI]  - (0.00) CoreReiCommonPlugin of CoreReiCommonPlugin [sophisticatedcore]
[19:02:54] [main/DEBUG] [REI] ========================================
[19:02:54] [main/TRACE] [REI] [REIPlugin END] Reloading Section: "pre-register/"
[19:02:54] [main/TRACE] [REI] [REIPlugin END] Reloading Section: "pre-register/DefaultPluginImpl of DefaultPluginImpl [roughlyenoughitems]/"
[19:02:54] [main/TRACE] [REI] [REIPlugin END] Reloading Section: "pre-register/DefaultPluginImpl of DefaultPluginImpl [roughlyenoughitems]/" done in 53.70 μs
[19:02:54] [main/TRACE] [REI] [REIPlugin END] Reloading Section: "pre-register/DefaultRuntimePlugin of DefaultRuntimePlugin [roughlyenoughitems]/"
[19:02:54] [main/TRACE] [REI] [REIPlugin END] Reloading Section: "pre-register/DefaultRuntimePlugin of DefaultRuntimePlugin [roughlyenoughitems]/" done in 42.71 μs
[19:02:54] [main/TRACE] [REI] [REIPlugin END] Reloading Section: "pre-register/BackpackReiCommonPlugin of BackpackReiCommonPlugin [sophisticatedbackpacks]/"
[19:02:54] [main/TRACE] [REI] [REIPlugin END] Reloading Section: "pre-register/BackpackReiCommonPlugin of BackpackReiCommonPlugin [sophisticatedbackpacks]/" done in 40.38 μs
[19:02:54] [main/TRACE] [REI] [REIPlugin END] Reloading Section: "pre-register/CoreReiCommonPlugin of CoreReiCommonPlugin [sophisticatedcore]/"
[19:02:54] [main/TRACE] [REI] [REIPlugin END] Reloading Section: "pre-register/CoreReiCommonPlugin of CoreReiCommonPlugin [sophisticatedcore]/" done in 39.43 μs
[19:02:54] [main/TRACE] [REI] [REIPlugin END] Reloading Section: "pre-register/" done in 506.1 μs
[19:02:54] [main/TRACE] [REI] [REIPlugin END] Reloading Section: "pre-stage/"
[19:02:54] [main/TRACE] [REI] [REIPlugin END] Reloading Section: "pre-stage/EntryTypeRegistryImpl/"
[19:02:54] [main/TRACE] [REI] [REIPlugin END] Reloading Section: "pre-stage/EntryTypeRegistryImpl/" done in 54.60 μs
[19:02:54] [main/TRACE] [REI] [REIPlugin END] Reloading Section: "pre-stage/EntrySettingsAdapterRegistryImpl/"
[19:02:54] [main/TRACE] [REI] [REIPlugin END] Reloading Section: "pre-stage/EntrySettingsAdapterRegistryImpl/" done in 38.52 μs
[19:02:54] [main/TRACE] [REI] [REIPlugin END] Reloading Section: "pre-stage/RecipeManagerContextImpl/"
[19:02:54] [main/TRACE] [REI] [REIPlugin END] Reloading Section: "pre-stage/RecipeManagerContextImpl/" done in 31.21 μs
[19:02:54] [main/TRACE] [REI] [REIPlugin END] Reloading Section: "pre-stage/ItemComparatorRegistryImpl/"
[19:02:54] [main/TRACE] [REI] [REIPlugin END] Reloading Section: "pre-stage/ItemComparatorRegistryImpl/" done in 29.13 μs
[19:02:54] [main/TRACE] [REI] [REIPlugin END] Reloading Section: "pre-stage/FluidComparatorRegistryImpl/"
[19:02:54] [main/TRACE] [REI] [REIPlugin END] Reloading Section: "pre-stage/FluidComparatorRegistryImpl/" done in 34.10 μs
[19:02:54] [main/TRACE] [REI] [REIPlugin END] Reloading Section: "pre-stage/DisplaySerializerRegistryImpl/"
[19:02:54] [main/TRACE] [REI] [REIPlugin END] Reloading Section: "pre-stage/DisplaySerializerRegistryImpl/" done in 74.64 μs
[19:02:54] [main/TRACE] [REI] [REIPlugin END] Reloading Section: "pre-stage/FluidSupportProviderImpl/"
[19:02:54] [main/TRACE] [REI] [REIPlugin END] Reloading Section: "pre-stage/FluidSupportProviderImpl/" done in 46.73 μs
[19:02:54] [main/TRACE] [REI] [REIPlugin END] Reloading Section: "pre-stage/" done in 997.1 μs
[19:02:54] [main/DEBUG] [REI] ========================================
[19:02:54] [main/DEBUG] [REI] REIPlugin finished pre-reload for END in 1.643 ms.
[19:02:54] [main/DEBUG] [REI] ========================================
[19:02:54] [main/DEBUG] [REI] ========================================
[19:02:54] [main/DEBUG] [REI] REIServerPlugin starting pre-reload for END.
[19:02:54] [main/DEBUG] [REI] Reloadables (2):
[19:02:54] [main/DEBUG] [REI]  - MenuInfoRegistryImpl
[19:02:54] [main/DEBUG] [REI]  - SlotAccessorRegistryImpl
[19:02:54] [main/DEBUG] [REI] Plugins (4):
[19:02:54] [main/DEBUG] [REI]  - (-100.00) DefaultPluginImpl of DefaultPluginImpl [roughlyenoughitems]
[19:02:54] [main/DEBUG] [REI]  - (0.00) BackpackReiCommonPlugin of BackpackReiCommonPlugin [sophisticatedbackpacks]
[19:02:54] [main/DEBUG] [REI]  - (0.00) CoreReiCommonPlugin of CoreReiCommonPlugin [sophisticatedcore]
[19:02:54] [main/DEBUG] [REI]  - (0.00) DefaultRuntimePlugin of DefaultRuntimePlugin [roughlyenoughitems]
[19:02:54] [main/DEBUG] [REI] ========================================
[19:02:54] [main/TRACE] [REI] [REIServerPlugin END] Reloading Section: "pre-register/"
[19:02:54] [main/TRACE] [REI] [REIServerPlugin END] Reloading Section: "pre-register/DefaultPluginImpl of DefaultPluginImpl [roughlyenoughitems]/"
[19:02:54] [main/TRACE] [REI] [REIServerPlugin END] Reloading Section: "pre-register/DefaultPluginImpl of DefaultPluginImpl [roughlyenoughitems]/" done in 48.22 μs
[19:02:54] [main/TRACE] [REI] [REIServerPlugin END] Reloading Section: "pre-register/BackpackReiCommonPlugin of BackpackReiCommonPlugin [sophisticatedbackpacks]/"
[19:02:54] [main/TRACE] [REI] [REIServerPlugin END] Reloading Section: "pre-register/BackpackReiCommonPlugin of BackpackReiCommonPlugin [sophisticatedbackpacks]/" done in 41.79 μs
[19:02:54] [main/TRACE] [REI] [REIServerPlugin END] Reloading Section: "pre-register/CoreReiCommonPlugin of CoreReiCommonPlugin [sophisticatedcore]/"
[19:02:54] [main/TRACE] [REI] [REIServerPlugin END] Reloading Section: "pre-register/CoreReiCommonPlugin of CoreReiCommonPlugin [sophisticatedcore]/" done in 54.18 μs
[19:02:54] [main/TRACE] [REI] [REIServerPlugin END] Reloading Section: "pre-register/DefaultRuntimePlugin of DefaultRuntimePlugin [roughlyenoughitems]/"
[19:02:54] [main/TRACE] [REI] [REIServerPlugin END] Reloading Section: "pre-register/DefaultRuntimePlugin of DefaultRuntimePlugin [roughlyenoughitems]/" done in 32.64 μs
[19:02:54] [main/TRACE] [REI] [REIServerPlugin END] Reloading Section: "pre-register/" done in 496.1 μs
[19:02:54] [main/TRACE] [REI] [REIServerPlugin END] Reloading Section: "pre-stage/"
[19:02:54] [main/TRACE] [REI] [REIServerPlugin END] Reloading Section: "pre-stage/MenuInfoRegistryImpl/"
[19:02:54] [main/TRACE] [REI] [REIServerPlugin END] Reloading Section: "pre-stage/MenuInfoRegistryImpl/" done in 52.09 μs
[19:02:54] [main/TRACE] [REI] [REIServerPlugin END] Reloading Section: "pre-stage/SlotAccessorRegistryImpl/"
[19:02:54] [main/TRACE] [REI] [REIServerPlugin END] Reloading Section: "pre-stage/SlotAccessorRegistryImpl/" done in 48.17 μs
[19:02:54] [main/TRACE] [REI] [REIServerPlugin END] Reloading Section: "pre-stage/" done in 315.0 μs
[19:02:54] [main/DEBUG] [REI] ========================================
[19:02:54] [main/DEBUG] [REI] REIServerPlugin finished pre-reload for END in 940.6 μs.
[19:02:54] [main/DEBUG] [REI] ========================================
[19:02:54] [main/INFO] [REI] %%%%%%%%%%%%%%%%%%%%%%%%%%%%%%%%%%%%%%%%
[19:02:54] [main/INFO] [REI] REIPlugin starting main-reload for END.
[19:02:54] [main/DEBUG] [REI] Reloadables (7):
[19:02:54] [main/DEBUG] [REI]  - EntryTypeRegistryImpl
[19:02:54] [main/DEBUG] [REI]  - EntrySettingsAdapterRegistryImpl
[19:02:54] [main/DEBUG] [REI]  - RecipeManagerContextImpl
[19:02:54] [main/DEBUG] [REI]  - ItemComparatorRegistryImpl
[19:02:54] [main/DEBUG] [REI]  - FluidComparatorRegistryImpl
[19:02:54] [main/DEBUG] [REI]  - DisplaySerializerRegistryImpl
[19:02:54] [main/DEBUG] [REI]  - FluidSupportProviderImpl
[19:02:54] [main/INFO] [REI] Plugins (4):
[19:02:54] [main/INFO] [REI]  - (-100.00) DefaultPluginImpl of DefaultPluginImpl [roughlyenoughitems]
[19:02:54] [main/INFO] [REI]  - (0.00) DefaultRuntimePlugin of DefaultRuntimePlugin [roughlyenoughitems]
[19:02:54] [main/INFO] [REI]  - (0.00) BackpackReiCommonPlugin of BackpackReiCommonPlugin [sophisticatedbackpacks]
[19:02:54] [main/INFO] [REI]  - (0.00) CoreReiCommonPlugin of CoreReiCommonPlugin [sophisticatedcore]
[19:02:54] [main/INFO] [REI] %%%%%%%%%%%%%%%%%%%%%%%%%%%%%%%%%%%%%%%%
[19:02:54] [main/TRACE] [REI] [REIPlugin END] Reloading Section: "start-reload/"
[19:02:54] [main/TRACE] [REI] [REIPlugin END] Reloading Section: "start-reload/EntryTypeRegistryImpl/"
[19:02:54] [main/TRACE] [REI] [REIPlugin END] Reloading Section: "start-reload/EntryTypeRegistryImpl/" done in 44.66 μs
[19:02:54] [main/TRACE] [REI] [REIPlugin END] Reloading Section: "start-reload/EntrySettingsAdapterRegistryImpl/"
[19:02:54] [main/TRACE] [REI] [REIPlugin END] Reloading Section: "start-reload/EntrySettingsAdapterRegistryImpl/" done in 51.40 μs
[19:02:54] [main/TRACE] [REI] [REIPlugin END] Reloading Section: "start-reload/RecipeManagerContextImpl/"
[19:02:54] [main/TRACE] [REI] [REIPlugin END] Reloading Section: "start-reload/RecipeManagerContextImpl/" done in 42.66 μs
[19:02:54] [main/TRACE] [REI] [REIPlugin END] Reloading Section: "start-reload/ItemComparatorRegistryImpl/"
[19:02:54] [main/TRACE] [REI] [REIPlugin END] Reloading Section: "start-reload/ItemComparatorRegistryImpl/" done in 33.09 μs
[19:02:54] [main/TRACE] [REI] [REIPlugin END] Reloading Section: "start-reload/FluidComparatorRegistryImpl/"
[19:02:54] [main/TRACE] [REI] [REIPlugin END] Reloading Section: "start-reload/FluidComparatorRegistryImpl/" done in 33.01 μs
[19:02:54] [main/TRACE] [REI] [REIPlugin END] Reloading Section: "start-reload/DisplaySerializerRegistryImpl/"
[19:02:54] [main/TRACE] [REI] [REIPlugin END] Reloading Section: "start-reload/DisplaySerializerRegistryImpl/" done in 36.56 μs
[19:02:54] [main/TRACE] [REI] [REIPlugin END] Reloading Section: "start-reload/FluidSupportProviderImpl/"
[19:02:54] [main/TRACE] [REI] [REIPlugin END] Reloading Section: "start-reload/FluidSupportProviderImpl/" done in 30.32 μs
[19:02:54] [main/TRACE] [REI] [REIPlugin END] Reloading Section: "start-reload/" done in 1.030 ms
[19:02:54] [main/DEBUG] [REI] ========================================
[19:02:54] [main/DEBUG] [REI] REIPlugin started main-reload for END.
[19:02:54] [main/DEBUG] [REI] ========================================
[19:02:54] [main/TRACE] [REI] [REIPlugin END] Reloading Section: "reloadable-plugin/EntryTypeRegistryImpl/"
[19:02:54] [main/TRACE] [REI] [REIPlugin END] Reloading Section: "reloadable-plugin/EntryTypeRegistryImpl/DefaultPluginImpl of DefaultPluginImpl [roughlyenoughitems]/"
[19:02:54] [main/TRACE] [REI] [REIPlugin END] Reloading Section: "reloadable-plugin/EntryTypeRegistryImpl/DefaultPluginImpl of DefaultPluginImpl [roughlyenoughitems]/" done in 44.45 μs
[19:02:54] [main/TRACE] [REI] [REIPlugin END] Reloading Section: "reloadable-plugin/EntryTypeRegistryImpl/DefaultRuntimePlugin of DefaultRuntimePlugin [roughlyenoughitems]/"
[19:02:54] [main/TRACE] [REI] [REIPlugin END] Reloading Section: "reloadable-plugin/EntryTypeRegistryImpl/DefaultRuntimePlugin of DefaultRuntimePlugin [roughlyenoughitems]/" done in 37.74 μs
[19:02:54] [main/TRACE] [REI] [REIPlugin END] Reloading Section: "reloadable-plugin/EntryTypeRegistryImpl/BackpackReiCommonPlugin of BackpackReiCommonPlugin [sophisticatedbackpacks]/"
[19:02:54] [main/TRACE] [REI] [REIPlugin END] Reloading Section: "reloadable-plugin/EntryTypeRegistryImpl/BackpackReiCommonPlugin of BackpackReiCommonPlugin [sophisticatedbackpacks]/" done in 39.28 μs
[19:02:54] [main/TRACE] [REI] [REIPlugin END] Reloading Section: "reloadable-plugin/EntryTypeRegistryImpl/CoreReiCommonPlugin of CoreReiCommonPlugin [sophisticatedcore]/"
[19:02:54] [main/TRACE] [REI] [REIPlugin END] Reloading Section: "reloadable-plugin/EntryTypeRegistryImpl/CoreReiCommonPlugin of CoreReiCommonPlugin [sophisticatedcore]/" done in 31.43 μs
[19:02:54] [main/TRACE] [REI] [REIPlugin END] Reloading Section: "reloadable-plugin/EntryTypeRegistryImpl/" done in 524.0 μs
[19:02:54] [main/TRACE] [REI] [REIPlugin END] Reloading Section: "reloadable-plugin/EntrySettingsAdapterRegistryImpl/"
[19:02:54] [main/TRACE] [REI] [REIPlugin END] Reloading Section: "reloadable-plugin/EntrySettingsAdapterRegistryImpl/DefaultPluginImpl of DefaultPluginImpl [roughlyenoughitems]/"
[19:02:54] [main/TRACE] [REI] [REIPlugin END] Reloading Section: "reloadable-plugin/EntrySettingsAdapterRegistryImpl/DefaultPluginImpl of DefaultPluginImpl [roughlyenoughitems]/" done in 55.79 μs
[19:02:54] [main/TRACE] [REI] [REIPlugin END] Reloading Section: "reloadable-plugin/EntrySettingsAdapterRegistryImpl/DefaultRuntimePlugin of DefaultRuntimePlugin [roughlyenoughitems]/"
[19:02:54] [main/TRACE] [REI] [REIPlugin END] Reloading Section: "reloadable-plugin/EntrySettingsAdapterRegistryImpl/DefaultRuntimePlugin of DefaultRuntimePlugin [roughlyenoughitems]/" done in 31.84 μs
[19:02:54] [main/TRACE] [REI] [REIPlugin END] Reloading Section: "reloadable-plugin/EntrySettingsAdapterRegistryImpl/BackpackReiCommonPlugin of BackpackReiCommonPlugin [sophisticatedbackpacks]/"
[19:02:54] [main/TRACE] [REI] [REIPlugin END] Reloading Section: "reloadable-plugin/EntrySettingsAdapterRegistryImpl/BackpackReiCommonPlugin of BackpackReiCommonPlugin [sophisticatedbackpacks]/" done in 33.93 μs
[19:02:54] [main/TRACE] [REI] [REIPlugin END] Reloading Section: "reloadable-plugin/EntrySettingsAdapterRegistryImpl/CoreReiCommonPlugin of CoreReiCommonPlugin [sophisticatedcore]/"
[19:02:54] [main/TRACE] [REI] [REIPlugin END] Reloading Section: "reloadable-plugin/EntrySettingsAdapterRegistryImpl/CoreReiCommonPlugin of CoreReiCommonPlugin [sophisticatedcore]/" done in 30.64 μs
[19:02:54] [main/TRACE] [REI] [REIPlugin END] Reloading Section: "reloadable-plugin/EntrySettingsAdapterRegistryImpl/" done in 483.7 μs
[19:02:54] [main/TRACE] [REI] [REIPlugin END] Reloading Section: "reloadable-plugin/RecipeManagerContextImpl/"
[19:02:54] [main/TRACE] [REI] [REIPlugin END] Reloading Section: "reloadable-plugin/RecipeManagerContextImpl/DefaultPluginImpl of DefaultPluginImpl [roughlyenoughitems]/"
[19:02:54] [main/TRACE] [REI] [REIPlugin END] Reloading Section: "reloadable-plugin/RecipeManagerContextImpl/DefaultPluginImpl of DefaultPluginImpl [roughlyenoughitems]/" done in 33.76 μs
[19:02:54] [main/TRACE] [REI] [REIPlugin END] Reloading Section: "reloadable-plugin/RecipeManagerContextImpl/DefaultRuntimePlugin of DefaultRuntimePlugin [roughlyenoughitems]/"
[19:02:54] [main/TRACE] [REI] [REIPlugin END] Reloading Section: "reloadable-plugin/RecipeManagerContextImpl/DefaultRuntimePlugin of DefaultRuntimePlugin [roughlyenoughitems]/" done in 40.04 μs
[19:02:54] [main/TRACE] [REI] [REIPlugin END] Reloading Section: "reloadable-plugin/RecipeManagerContextImpl/BackpackReiCommonPlugin of BackpackReiCommonPlugin [sophisticatedbackpacks]/"
[19:02:54] [main/TRACE] [REI] [REIPlugin END] Reloading Section: "reloadable-plugin/RecipeManagerContextImpl/BackpackReiCommonPlugin of BackpackReiCommonPlugin [sophisticatedbackpacks]/" done in 36.64 μs
[19:02:54] [main/TRACE] [REI] [REIPlugin END] Reloading Section: "reloadable-plugin/RecipeManagerContextImpl/CoreReiCommonPlugin of CoreReiCommonPlugin [sophisticatedcore]/"
[19:02:54] [main/TRACE] [REI] [REIPlugin END] Reloading Section: "reloadable-plugin/RecipeManagerContextImpl/CoreReiCommonPlugin of CoreReiCommonPlugin [sophisticatedcore]/" done in 33.84 μs
[19:02:54] [main/TRACE] [REI] [REIPlugin END] Reloading Section: "reloadable-plugin/RecipeManagerContextImpl/" done in 521.9 μs
[19:02:54] [main/TRACE] [REI] [REIPlugin END] Reloading Section: "reloadable-plugin/ItemComparatorRegistryImpl/"
[19:02:54] [main/TRACE] [REI] [REIPlugin END] Reloading Section: "reloadable-plugin/ItemComparatorRegistryImpl/DefaultPluginImpl of DefaultPluginImpl [roughlyenoughitems]/"
[19:02:54] [main/TRACE] [REI] [REIPlugin END] Reloading Section: "reloadable-plugin/ItemComparatorRegistryImpl/DefaultPluginImpl of DefaultPluginImpl [roughlyenoughitems]/" done in 66.81 μs
[19:02:54] [main/TRACE] [REI] [REIPlugin END] Reloading Section: "reloadable-plugin/ItemComparatorRegistryImpl/DefaultRuntimePlugin of DefaultRuntimePlugin [roughlyenoughitems]/"
[19:02:54] [main/TRACE] [REI] [REIPlugin END] Reloading Section: "reloadable-plugin/ItemComparatorRegistryImpl/DefaultRuntimePlugin of DefaultRuntimePlugin [roughlyenoughitems]/" done in 52.32 μs
[19:02:54] [main/TRACE] [REI] [REIPlugin END] Reloading Section: "reloadable-plugin/ItemComparatorRegistryImpl/BackpackReiCommonPlugin of BackpackReiCommonPlugin [sophisticatedbackpacks]/"
[19:02:54] [main/TRACE] [REI] [REIPlugin END] Reloading Section: "reloadable-plugin/ItemComparatorRegistryImpl/BackpackReiCommonPlugin of BackpackReiCommonPlugin [sophisticatedbackpacks]/" done in 50.17 μs
[19:02:54] [main/TRACE] [REI] [REIPlugin END] Reloading Section: "reloadable-plugin/ItemComparatorRegistryImpl/CoreReiCommonPlugin of CoreReiCommonPlugin [sophisticatedcore]/"
[19:02:54] [main/TRACE] [REI] [REIPlugin END] Reloading Section: "reloadable-plugin/ItemComparatorRegistryImpl/CoreReiCommonPlugin of CoreReiCommonPlugin [sophisticatedcore]/" done in 48.77 μs
[19:02:54] [main/TRACE] [REI] [REIPlugin END] Reloading Section: "reloadable-plugin/ItemComparatorRegistryImpl/" done in 824.5 μs
[19:02:54] [main/TRACE] [REI] [REIPlugin END] Reloading Section: "reloadable-plugin/FluidComparatorRegistryImpl/"
[19:02:54] [main/TRACE] [REI] [REIPlugin END] Reloading Section: "reloadable-plugin/FluidComparatorRegistryImpl/DefaultPluginImpl of DefaultPluginImpl [roughlyenoughitems]/"
[19:02:54] [main/TRACE] [REI] [REIPlugin END] Reloading Section: "reloadable-plugin/FluidComparatorRegistryImpl/DefaultPluginImpl of DefaultPluginImpl [roughlyenoughitems]/" done in 58.87 μs
[19:02:54] [main/TRACE] [REI] [REIPlugin END] Reloading Section: "reloadable-plugin/FluidComparatorRegistryImpl/DefaultRuntimePlugin of DefaultRuntimePlugin [roughlyenoughitems]/"
[19:02:54] [main/TRACE] [REI] [REIPlugin END] Reloading Section: "reloadable-plugin/FluidComparatorRegistryImpl/DefaultRuntimePlugin of DefaultRuntimePlugin [roughlyenoughitems]/" done in 74.67 μs
[19:02:54] [main/TRACE] [REI] [REIPlugin END] Reloading Section: "reloadable-plugin/FluidComparatorRegistryImpl/BackpackReiCommonPlugin of BackpackReiCommonPlugin [sophisticatedbackpacks]/"
[19:02:54] [main/TRACE] [REI] [REIPlugin END] Reloading Section: "reloadable-plugin/FluidComparatorRegistryImpl/BackpackReiCommonPlugin of BackpackReiCommonPlugin [sophisticatedbackpacks]/" done in 273.0 μs
[19:02:54] [main/TRACE] [REI] [REIPlugin END] Reloading Section: "reloadable-plugin/FluidComparatorRegistryImpl/CoreReiCommonPlugin of CoreReiCommonPlugin [sophisticatedcore]/"
[19:02:54] [main/TRACE] [REI] [REIPlugin END] Reloading Section: "reloadable-plugin/FluidComparatorRegistryImpl/CoreReiCommonPlugin of CoreReiCommonPlugin [sophisticatedcore]/" done in 74.98 μs
[19:02:54] [main/TRACE] [REI] [REIPlugin END] Reloading Section: "reloadable-plugin/FluidComparatorRegistryImpl/" done in 1.193 ms
[19:02:54] [main/TRACE] [REI] [REIPlugin END] Reloading Section: "reloadable-plugin/DisplaySerializerRegistryImpl/"
[19:02:54] [main/TRACE] [REI] [REIPlugin END] Reloading Section: "reloadable-plugin/DisplaySerializerRegistryImpl/DefaultPluginImpl of DefaultPluginImpl [roughlyenoughitems]/"
[19:02:54] [main/TRACE] [REI] [REIPlugin END] Reloading Section: "reloadable-plugin/DisplaySerializerRegistryImpl/DefaultPluginImpl of DefaultPluginImpl [roughlyenoughitems]/" done in 14.82 ms
[19:02:54] [main/TRACE] [REI] [REIPlugin END] Reloading Section: "reloadable-plugin/DisplaySerializerRegistryImpl/DefaultRuntimePlugin of DefaultRuntimePlugin [roughlyenoughitems]/"
[19:02:54] [main/TRACE] [REI] [REIPlugin END] Reloading Section: "reloadable-plugin/DisplaySerializerRegistryImpl/DefaultRuntimePlugin of DefaultRuntimePlugin [roughlyenoughitems]/" done in 67.04 μs
[19:02:54] [main/TRACE] [REI] [REIPlugin END] Reloading Section: "reloadable-plugin/DisplaySerializerRegistryImpl/BackpackReiCommonPlugin of BackpackReiCommonPlugin [sophisticatedbackpacks]/"
[19:02:54] [main/TRACE] [REI] [REIPlugin END] Reloading Section: "reloadable-plugin/DisplaySerializerRegistryImpl/BackpackReiCommonPlugin of BackpackReiCommonPlugin [sophisticatedbackpacks]/" done in 43.77 μs
[19:02:54] [main/TRACE] [REI] [REIPlugin END] Reloading Section: "reloadable-plugin/DisplaySerializerRegistryImpl/CoreReiCommonPlugin of CoreReiCommonPlugin [sophisticatedcore]/"
[19:02:54] [main/TRACE] [REI] [REIPlugin END] Reloading Section: "reloadable-plugin/DisplaySerializerRegistryImpl/CoreReiCommonPlugin of CoreReiCommonPlugin [sophisticatedcore]/" done in 42.47 μs
[19:02:54] [main/TRACE] [REI] [REIPlugin END] Reloading Section: "reloadable-plugin/DisplaySerializerRegistryImpl/" done in 15.40 ms
[19:02:54] [main/TRACE] [REI] [REIPlugin END] Reloading Section: "reloadable-plugin/FluidSupportProviderImpl/"
[19:02:54] [main/TRACE] [REI] [REIPlugin END] Reloading Section: "reloadable-plugin/FluidSupportProviderImpl/DefaultPluginImpl of DefaultPluginImpl [roughlyenoughitems]/"
[19:02:54] [main/TRACE] [REI] [REIPlugin END] Reloading Section: "reloadable-plugin/FluidSupportProviderImpl/DefaultPluginImpl of DefaultPluginImpl [roughlyenoughitems]/" done in 62.16 μs
[19:02:54] [main/TRACE] [REI] [REIPlugin END] Reloading Section: "reloadable-plugin/FluidSupportProviderImpl/DefaultRuntimePlugin of DefaultRuntimePlugin [roughlyenoughitems]/"
[19:02:54] [main/TRACE] [REI] [REIPlugin END] Reloading Section: "reloadable-plugin/FluidSupportProviderImpl/DefaultRuntimePlugin of DefaultRuntimePlugin [roughlyenoughitems]/" done in 42.62 μs
[19:02:54] [main/TRACE] [REI] [REIPlugin END] Reloading Section: "reloadable-plugin/FluidSupportProviderImpl/BackpackReiCommonPlugin of BackpackReiCommonPlugin [sophisticatedbackpacks]/"
[19:02:54] [main/TRACE] [REI] [REIPlugin END] Reloading Section: "reloadable-plugin/FluidSupportProviderImpl/BackpackReiCommonPlugin of BackpackReiCommonPlugin [sophisticatedbackpacks]/" done in 36.63 μs
[19:02:54] [main/TRACE] [REI] [REIPlugin END] Reloading Section: "reloadable-plugin/FluidSupportProviderImpl/CoreReiCommonPlugin of CoreReiCommonPlugin [sophisticatedcore]/"
[19:02:54] [main/TRACE] [REI] [REIPlugin END] Reloading Section: "reloadable-plugin/FluidSupportProviderImpl/CoreReiCommonPlugin of CoreReiCommonPlugin [sophisticatedcore]/" done in 41.16 μs
[19:02:54] [main/TRACE] [REI] [REIPlugin END] Reloading Section: "reloadable-plugin/FluidSupportProviderImpl/" done in 517.4 μs
[19:02:54] [main/DEBUG] [REI] ========================================
[19:02:54] [main/DEBUG] [REI] REIPlugin ending main-reload for END.
[19:02:54] [main/DEBUG] [REI] ========================================
[19:02:54] [main/TRACE] [REI] [REIPlugin END] Reloading Section: "end-reload/"
[19:02:54] [main/TRACE] [REI] [REIPlugin END] Reloading Section: "end-reload/EntryTypeRegistryImpl/"
[19:02:54] [main/TRACE] [REI] [REIPlugin END] Reloading Section: "end-reload/EntryTypeRegistryImpl/" done in 33.09 μs
[19:02:54] [main/TRACE] [REI] [REIPlugin END] Reloading Section: "end-reload/EntrySettingsAdapterRegistryImpl/"
[19:02:54] [main/TRACE] [REI] [REIPlugin END] Reloading Section: "end-reload/EntrySettingsAdapterRegistryImpl/" done in 29.31 μs
[19:02:54] [main/TRACE] [REI] [REIPlugin END] Reloading Section: "end-reload/RecipeManagerContextImpl/"
[19:02:54] [main/TRACE] [REI] [REIPlugin END] Reloading Section: "end-reload/RecipeManagerContextImpl/" done in 37.39 μs
[19:02:54] [main/TRACE] [REI] [REIPlugin END] Reloading Section: "end-reload/ItemComparatorRegistryImpl/"
[19:02:54] [main/TRACE] [REI] [REIPlugin END] Reloading Section: "end-reload/ItemComparatorRegistryImpl/" done in 34.37 μs
[19:02:54] [main/TRACE] [REI] [REIPlugin END] Reloading Section: "end-reload/FluidComparatorRegistryImpl/"
[19:02:54] [main/TRACE] [REI] [REIPlugin END] Reloading Section: "end-reload/FluidComparatorRegistryImpl/" done in 32.66 μs
[19:02:54] [main/TRACE] [REI] [REIPlugin END] Reloading Section: "end-reload/DisplaySerializerRegistryImpl/"
[19:02:54] [main/TRACE] [REI] [REIPlugin END] Reloading Section: "end-reload/DisplaySerializerRegistryImpl/" done in 28.79 μs
[19:02:54] [main/TRACE] [REI] [REIPlugin END] Reloading Section: "end-reload/FluidSupportProviderImpl/"
[19:02:54] [main/TRACE] [REI] [REIPlugin END] Reloading Section: "end-reload/FluidSupportProviderImpl/" done in 33.99 μs
[19:02:54] [main/TRACE] [REI] [REIPlugin END] Reloading Section: "end-reload/" done in 773.1 μs
[19:02:54] [main/DEBUG] [REI] ========================================
[19:02:54] [main/DEBUG] [REI] REIPlugin ended main-reload for END in 24.64 ms.
[19:02:54] [main/DEBUG] [REI] ========================================
[19:02:54] [main/INFO] [REI] %%%%%%%%%%%%%%%%%%%%%%%%%%%%%%%%%%%%%%%%
[19:02:54] [main/INFO] [REI] REIServerPlugin starting main-reload for END.
[19:02:54] [main/DEBUG] [REI] Reloadables (2):
[19:02:54] [main/DEBUG] [REI]  - MenuInfoRegistryImpl
[19:02:54] [main/DEBUG] [REI]  - SlotAccessorRegistryImpl
[19:02:54] [main/INFO] [REI] Plugins (4):
[19:02:54] [main/INFO] [REI]  - (-100.00) DefaultPluginImpl of DefaultPluginImpl [roughlyenoughitems]
[19:02:54] [main/INFO] [REI]  - (0.00) BackpackReiCommonPlugin of BackpackReiCommonPlugin [sophisticatedbackpacks]
[19:02:54] [main/INFO] [REI]  - (0.00) CoreReiCommonPlugin of CoreReiCommonPlugin [sophisticatedcore]
[19:02:54] [main/INFO] [REI]  - (0.00) DefaultRuntimePlugin of DefaultRuntimePlugin [roughlyenoughitems]
[19:02:54] [main/INFO] [REI] %%%%%%%%%%%%%%%%%%%%%%%%%%%%%%%%%%%%%%%%
[19:02:54] [main/TRACE] [REI] [REIServerPlugin END] Reloading Section: "start-reload/"
[19:02:54] [main/TRACE] [REI] [REIServerPlugin END] Reloading Section: "start-reload/MenuInfoRegistryImpl/"
[19:02:54] [main/TRACE] [REI] [REIServerPlugin END] Reloading Section: "start-reload/MenuInfoRegistryImpl/" done in 44.39 μs
[19:02:54] [main/TRACE] [REI] [REIServerPlugin END] Reloading Section: "start-reload/SlotAccessorRegistryImpl/"
[19:02:54] [main/TRACE] [REI] [REIServerPlugin END] Reloading Section: "start-reload/SlotAccessorRegistryImpl/" done in 42.58 μs
[19:02:54] [main/TRACE] [REI] [REIServerPlugin END] Reloading Section: "start-reload/" done in 276.2 μs
[19:02:54] [main/DEBUG] [REI] ========================================
[19:02:54] [main/DEBUG] [REI] REIServerPlugin started main-reload for END.
[19:02:54] [main/DEBUG] [REI] ========================================
[19:02:54] [main/TRACE] [REI] [REIServerPlugin END] Reloading Section: "reloadable-plugin/MenuInfoRegistryImpl/"
[19:02:54] [main/TRACE] [REI] [REIServerPlugin END] Reloading Section: "reloadable-plugin/MenuInfoRegistryImpl/DefaultPluginImpl of DefaultPluginImpl [roughlyenoughitems]/"
[19:02:54] [main/TRACE] [REI] [REIServerPlugin END] Reloading Section: "reloadable-plugin/MenuInfoRegistryImpl/DefaultPluginImpl of DefaultPluginImpl [roughlyenoughitems]/" done in 60.84 μs
[19:02:54] [main/TRACE] [REI] [REIServerPlugin END] Reloading Section: "reloadable-plugin/MenuInfoRegistryImpl/BackpackReiCommonPlugin of BackpackReiCommonPlugin [sophisticatedbackpacks]/"
[19:02:54] [main/TRACE] [REI] [REIServerPlugin END] Reloading Section: "reloadable-plugin/MenuInfoRegistryImpl/BackpackReiCommonPlugin of BackpackReiCommonPlugin [sophisticatedbackpacks]/" done in 39.16 μs
[19:02:54] [main/TRACE] [REI] [REIServerPlugin END] Reloading Section: "reloadable-plugin/MenuInfoRegistryImpl/CoreReiCommonPlugin of CoreReiCommonPlugin [sophisticatedcore]/"
[19:02:54] [main/TRACE] [REI] [REIServerPlugin END] Reloading Section: "reloadable-plugin/MenuInfoRegistryImpl/CoreReiCommonPlugin of CoreReiCommonPlugin [sophisticatedcore]/" done in 39.42 μs
[19:02:54] [main/TRACE] [REI] [REIServerPlugin END] Reloading Section: "reloadable-plugin/MenuInfoRegistryImpl/DefaultRuntimePlugin of DefaultRuntimePlugin [roughlyenoughitems]/"
[19:02:54] [main/TRACE] [REI] [REIServerPlugin END] Reloading Section: "reloadable-plugin/MenuInfoRegistryImpl/DefaultRuntimePlugin of DefaultRuntimePlugin [roughlyenoughitems]/" done in 44.54 μs
[19:02:54] [main/TRACE] [REI] [REIServerPlugin END] Reloading Section: "reloadable-plugin/MenuInfoRegistryImpl/" done in 532.8 μs
[19:02:54] [main/TRACE] [REI] [REIServerPlugin END] Reloading Section: "reloadable-plugin/SlotAccessorRegistryImpl/"
[19:02:54] [main/TRACE] [REI] [REIServerPlugin END] Reloading Section: "reloadable-plugin/SlotAccessorRegistryImpl/DefaultPluginImpl of DefaultPluginImpl [roughlyenoughitems]/"
[19:02:54] [main/TRACE] [REI] [REIServerPlugin END] Reloading Section: "reloadable-plugin/SlotAccessorRegistryImpl/DefaultPluginImpl of DefaultPluginImpl [roughlyenoughitems]/" done in 52.81 μs
[19:02:54] [main/TRACE] [REI] [REIServerPlugin END] Reloading Section: "reloadable-plugin/SlotAccessorRegistryImpl/BackpackReiCommonPlugin of BackpackReiCommonPlugin [sophisticatedbackpacks]/"
[19:02:54] [main/TRACE] [REI] [REIServerPlugin END] Reloading Section: "reloadable-plugin/SlotAccessorRegistryImpl/BackpackReiCommonPlugin of BackpackReiCommonPlugin [sophisticatedbackpacks]/" done in 39.61 μs
[19:02:54] [main/TRACE] [REI] [REIServerPlugin END] Reloading Section: "reloadable-plugin/SlotAccessorRegistryImpl/CoreReiCommonPlugin of CoreReiCommonPlugin [sophisticatedcore]/"
[19:02:54] [main/DEBUG] [REI] Added slot accessor serializer: net.p3pp3rf1y.sophisticatedcore.compat.recipeviewers.rei.CoreReiCommonPlugin$1@36904ae6 [sophisticatedcore:storage]
[19:02:54] [main/TRACE] [REI] [REIServerPlugin END] Reloading Section: "reloadable-plugin/SlotAccessorRegistryImpl/CoreReiCommonPlugin of CoreReiCommonPlugin [sophisticatedcore]/" done in 1.007 ms
[19:02:54] [main/TRACE] [REI] [REIServerPlugin END] Reloading Section: "reloadable-plugin/SlotAccessorRegistryImpl/DefaultRuntimePlugin of DefaultRuntimePlugin [roughlyenoughitems]/"
[19:02:54] [main/DEBUG] [REI] Added slot accessor serializer: me.shedaniel.rei.plugin.common.runtime.DefaultRuntimePlugin$1@622868c0 [roughlyenoughitems:vanilla]
[19:02:54] [main/DEBUG] [REI] Added slot accessor serializer: me.shedaniel.rei.plugin.common.runtime.DefaultRuntimePlugin$2@53badc04 [roughlyenoughitems:player]
[19:02:54] [main/TRACE] [REI] [REIServerPlugin END] Reloading Section: "reloadable-plugin/SlotAccessorRegistryImpl/DefaultRuntimePlugin of DefaultRuntimePlugin [roughlyenoughitems]/" done in 867.5 μs
[19:02:54] [main/TRACE] [REI] [REIServerPlugin END] Reloading Section: "reloadable-plugin/SlotAccessorRegistryImpl/" done in 2.308 ms
[19:02:54] [main/DEBUG] [REI] ========================================
[19:02:54] [main/DEBUG] [REI] REIServerPlugin ending main-reload for END.
[19:02:54] [main/DEBUG] [REI] ========================================
[19:02:54] [main/TRACE] [REI] [REIServerPlugin END] Reloading Section: "end-reload/"
[19:02:54] [main/TRACE] [REI] [REIServerPlugin END] Reloading Section: "end-reload/MenuInfoRegistryImpl/"
[19:02:54] [main/DEBUG] [REI] Registered 0 menu infos
[19:02:54] [main/TRACE] [REI] [REIServerPlugin END] Reloading Section: "end-reload/MenuInfoRegistryImpl/" done in 138.2 μs
[19:02:54] [main/TRACE] [REI] [REIServerPlugin END] Reloading Section: "end-reload/SlotAccessorRegistryImpl/"
[19:02:54] [main/DEBUG] [REI] Registered 3 slot accessor serializers
[19:02:54] [main/TRACE] [REI] [REIServerPlugin END] Reloading Section: "end-reload/SlotAccessorRegistryImpl/" done in 101.9 μs
[19:02:54] [main/TRACE] [REI] [REIServerPlugin END] Reloading Section: "end-reload/" done in 467.9 μs
[19:02:54] [main/DEBUG] [REI] ========================================
[19:02:54] [main/DEBUG] [REI] REIServerPlugin ended main-reload for END in 5.662 ms.
[19:02:54] [main/DEBUG] [REI] ========================================
[19:02:54] [main/DEBUG] [REI] ========================================
[19:02:54] [main/DEBUG] [REI] REIPlugin starting post-reload for END.
[19:02:54] [main/DEBUG] [REI] Reloadables (7):
[19:02:54] [main/DEBUG] [REI]  - EntryTypeRegistryImpl
[19:02:54] [main/DEBUG] [REI]  - EntrySettingsAdapterRegistryImpl
[19:02:54] [main/DEBUG] [REI]  - RecipeManagerContextImpl
[19:02:54] [main/DEBUG] [REI]  - ItemComparatorRegistryImpl
[19:02:54] [main/DEBUG] [REI]  - FluidComparatorRegistryImpl
[19:02:54] [main/DEBUG] [REI]  - DisplaySerializerRegistryImpl
[19:02:54] [main/DEBUG] [REI]  - FluidSupportProviderImpl
[19:02:54] [main/DEBUG] [REI] Plugins (4):
[19:02:54] [main/DEBUG] [REI]  - (-100.00) DefaultPluginImpl of DefaultPluginImpl [roughlyenoughitems]
[19:02:54] [main/DEBUG] [REI]  - (0.00) DefaultRuntimePlugin of DefaultRuntimePlugin [roughlyenoughitems]
[19:02:54] [main/DEBUG] [REI]  - (0.00) BackpackReiCommonPlugin of BackpackReiCommonPlugin [sophisticatedbackpacks]
[19:02:54] [main/DEBUG] [REI]  - (0.00) CoreReiCommonPlugin of CoreReiCommonPlugin [sophisticatedcore]
[19:02:54] [main/DEBUG] [REI] ========================================
[19:02:54] [main/TRACE] [REI] [REIPlugin END] Reloading Section: "post-register/"
[19:02:54] [main/TRACE] [REI] [REIPlugin END] Reloading Section: "post-register/DefaultPluginImpl of DefaultPluginImpl [roughlyenoughitems]/"
[19:02:54] [main/TRACE] [REI] [REIPlugin END] Reloading Section: "post-register/DefaultPluginImpl of DefaultPluginImpl [roughlyenoughitems]/" done in 26.75 μs
[19:02:54] [main/TRACE] [REI] [REIPlugin END] Reloading Section: "post-register/DefaultRuntimePlugin of DefaultRuntimePlugin [roughlyenoughitems]/"
[19:02:54] [main/TRACE] [REI] [REIPlugin END] Reloading Section: "post-register/DefaultRuntimePlugin of DefaultRuntimePlugin [roughlyenoughitems]/" done in 23.02 μs
[19:02:54] [main/TRACE] [REI] [REIPlugin END] Reloading Section: "post-register/BackpackReiCommonPlugin of BackpackReiCommonPlugin [sophisticatedbackpacks]/"
[19:02:54] [main/TRACE] [REI] [REIPlugin END] Reloading Section: "post-register/BackpackReiCommonPlugin of BackpackReiCommonPlugin [sophisticatedbackpacks]/" done in 22.69 μs
[19:02:54] [main/TRACE] [REI] [REIPlugin END] Reloading Section: "post-register/CoreReiCommonPlugin of CoreReiCommonPlugin [sophisticatedcore]/"
[19:02:54] [main/TRACE] [REI] [REIPlugin END] Reloading Section: "post-register/CoreReiCommonPlugin of CoreReiCommonPlugin [sophisticatedcore]/" done in 23.60 μs
[19:02:54] [main/TRACE] [REI] [REIPlugin END] Reloading Section: "post-register/" done in 344.3 μs
[19:02:54] [main/TRACE] [REI] [REIPlugin END] Reloading Section: "post-stage/"
[19:02:54] [main/TRACE] [REI] [REIPlugin END] Reloading Section: "post-stage/EntryTypeRegistryImpl/"
[19:02:54] [main/TRACE] [REI] [REIPlugin END] Reloading Section: "post-stage/EntryTypeRegistryImpl/" done in 23.11 μs
[19:02:54] [main/TRACE] [REI] [REIPlugin END] Reloading Section: "post-stage/EntrySettingsAdapterRegistryImpl/"
[19:02:54] [main/TRACE] [REI] [REIPlugin END] Reloading Section: "post-stage/EntrySettingsAdapterRegistryImpl/" done in 23.46 μs
[19:02:54] [main/TRACE] [REI] [REIPlugin END] Reloading Section: "post-stage/RecipeManagerContextImpl/"
[19:02:54] [main/TRACE] [REI] [REIPlugin END] Reloading Section: "post-stage/RecipeManagerContextImpl/" done in 27.66 μs
[19:02:54] [main/TRACE] [REI] [REIPlugin END] Reloading Section: "post-stage/ItemComparatorRegistryImpl/"
[19:02:54] [main/TRACE] [REI] [REIPlugin END] Reloading Section: "post-stage/ItemComparatorRegistryImpl/" done in 42.71 μs
[19:02:54] [main/TRACE] [REI] [REIPlugin END] Reloading Section: "post-stage/FluidComparatorRegistryImpl/"
[19:02:54] [main/TRACE] [REI] [REIPlugin END] Reloading Section: "post-stage/FluidComparatorRegistryImpl/" done in 32.83 μs
[19:02:54] [main/TRACE] [REI] [REIPlugin END] Reloading Section: "post-stage/DisplaySerializerRegistryImpl/"
[19:02:54] [main/TRACE] [REI] [REIPlugin END] Reloading Section: "post-stage/DisplaySerializerRegistryImpl/" done in 25.16 μs
[19:02:54] [main/TRACE] [REI] [REIPlugin END] Reloading Section: "post-stage/FluidSupportProviderImpl/"
[19:02:54] [main/TRACE] [REI] [REIPlugin END] Reloading Section: "post-stage/FluidSupportProviderImpl/" done in 25.67 μs
[19:02:54] [main/TRACE] [REI] [REIPlugin END] Reloading Section: "post-stage/" done in 1.749 ms
[19:02:54] [main/DEBUG] [REI] ========================================
[19:02:54] [main/INFO] [REI] REIPlugin finished post-reload for END in 2.207 ms, totaling 28.44 ms.
[19:02:54] [main/DEBUG] [REI] ========================================
[19:02:54] [main/DEBUG] [REI] ========================================
[19:02:54] [main/DEBUG] [REI] REIServerPlugin starting post-reload for END.
[19:02:54] [main/DEBUG] [REI] Reloadables (2):
[19:02:54] [main/DEBUG] [REI]  - MenuInfoRegistryImpl
[19:02:54] [main/DEBUG] [REI]  - SlotAccessorRegistryImpl
[19:02:54] [main/DEBUG] [REI] Plugins (4):
[19:02:54] [main/DEBUG] [REI]  - (-100.00) DefaultPluginImpl of DefaultPluginImpl [roughlyenoughitems]
[19:02:54] [main/DEBUG] [REI]  - (0.00) BackpackReiCommonPlugin of BackpackReiCommonPlugin [sophisticatedbackpacks]
[19:02:54] [main/DEBUG] [REI]  - (0.00) CoreReiCommonPlugin of CoreReiCommonPlugin [sophisticatedcore]
[19:02:54] [main/DEBUG] [REI]  - (0.00) DefaultRuntimePlugin of DefaultRuntimePlugin [roughlyenoughitems]
[19:02:54] [main/DEBUG] [REI] ========================================
[19:02:54] [main/TRACE] [REI] [REIServerPlugin END] Reloading Section: "post-register/"
[19:02:54] [main/TRACE] [REI] [REIServerPlugin END] Reloading Section: "post-register/DefaultPluginImpl of DefaultPluginImpl [roughlyenoughitems]/"
[19:02:54] [main/TRACE] [REI] [REIServerPlugin END] Reloading Section: "post-register/DefaultPluginImpl of DefaultPluginImpl [roughlyenoughitems]/" done in 23.79 μs
[19:02:54] [main/TRACE] [REI] [REIServerPlugin END] Reloading Section: "post-register/BackpackReiCommonPlugin of BackpackReiCommonPlugin [sophisticatedbackpacks]/"
[19:02:54] [main/TRACE] [REI] [REIServerPlugin END] Reloading Section: "post-register/BackpackReiCommonPlugin of BackpackReiCommonPlugin [sophisticatedbackpacks]/" done in 26.97 μs
[19:02:54] [main/TRACE] [REI] [REIServerPlugin END] Reloading Section: "post-register/CoreReiCommonPlugin of CoreReiCommonPlugin [sophisticatedcore]/"
[19:02:54] [main/TRACE] [REI] [REIServerPlugin END] Reloading Section: "post-register/CoreReiCommonPlugin of CoreReiCommonPlugin [sophisticatedcore]/" done in 24.13 μs
[19:02:54] [main/TRACE] [REI] [REIServerPlugin END] Reloading Section: "post-register/DefaultRuntimePlugin of DefaultRuntimePlugin [roughlyenoughitems]/"
[19:02:54] [main/TRACE] [REI] [REIServerPlugin END] Reloading Section: "post-register/DefaultRuntimePlugin of DefaultRuntimePlugin [roughlyenoughitems]/" done in 23.17 μs
[19:02:54] [main/TRACE] [REI] [REIServerPlugin END] Reloading Section: "post-register/" done in 359.8 μs
[19:02:54] [main/TRACE] [REI] [REIServerPlugin END] Reloading Section: "post-stage/"
[19:02:54] [main/TRACE] [REI] [REIServerPlugin END] Reloading Section: "post-stage/MenuInfoRegistryImpl/"
[19:02:54] [main/TRACE] [REI] [REIServerPlugin END] Reloading Section: "post-stage/MenuInfoRegistryImpl/" done in 19.86 μs
[19:02:54] [main/TRACE] [REI] [REIServerPlugin END] Reloading Section: "post-stage/SlotAccessorRegistryImpl/"
[19:02:54] [main/TRACE] [REI] [REIServerPlugin END] Reloading Section: "post-stage/SlotAccessorRegistryImpl/" done in 28.95 μs
[19:02:54] [main/TRACE] [REI] [REIServerPlugin END] Reloading Section: "post-stage/" done in 202.5 μs
[19:02:54] [main/DEBUG] [REI] ========================================
[19:02:54] [main/INFO] [REI] REIServerPlugin finished post-reload for END in 686.0 μs, totaling 7.244 ms.
[19:02:54] [main/DEBUG] [REI] ========================================
